[INFO] Config file is found, path is /usr/local/Ascend/cann-9.1.0/aarch64-linux/simulator/dav_2201/lib/config_stars.json.
[FuncCache]: size:0x20000, line_size:128, way_num:16, line_num:1024, idx_num:64
             idx_lsb:7, idx_mask:0x3f, tag_lsb:13, tag_mask:0xffffffffffffffff, ofst_mask:0x7f

[TmSim]: Run in serial mode.
[INFO] AicWrapper attach AIC 0, num_vec_core=2, num_subcore=3
[INFO] AicWrapper attach AIC 1, num_vec_core=2, num_subcore=3
[INFO] AicWrapper attach AIC 2, num_vec_core=2, num_subcore=3
[INFO] AicWrapper attach AIC 3, num_vec_core=2, num_subcore=3
[INFO] AicWrapper attach AIC 4, num_vec_core=2, num_subcore=3
[INFO] AicWrapper attach AIC 5, num_vec_core=2, num_subcore=3
[INFO] AicWrapper attach AIC 6, num_vec_core=2, num_subcore=3
[INFO] AicWrapper attach AIC 7, num_vec_core=2, num_subcore=3
[INFO] AicWrapper attach AIC 8, num_vec_core=2, num_subcore=3
[INFO] AicWrapper attach AIC 9, num_vec_core=2, num_subcore=3
[INFO] AicWrapper attach AIC 10, num_vec_core=2, num_subcore=3
[INFO] AicWrapper attach AIC 11, num_vec_core=2, num_subcore=3
[INFO] AicWrapper attach AIC 12, num_vec_core=2, num_subcore=3
[INFO] AicWrapper attach AIC 13, num_vec_core=2, num_subcore=3
[INFO] AicWrapper attach AIC 14, num_vec_core=2, num_subcore=3
[INFO] AicWrapper attach AIC 15, num_vec_core=2, num_subcore=3
[INFO] AicWrapper attach AIC 16, num_vec_core=2, num_subcore=3
[INFO] AicWrapper attach AIC 17, num_vec_core=2, num_subcore=3
[INFO] AicWrapper attach AIC 18, num_vec_core=2, num_subcore=3
[INFO] AicWrapper attach AIC 19, num_vec_core=2, num_subcore=3
[INFO] AicWrapper attach AIC 20, num_vec_core=2, num_subcore=3
[INFO] AicWrapper attach AIC 21, num_vec_core=2, num_subcore=3
[INFO] AicWrapper attach AIC 22, num_vec_core=2, num_subcore=3
[INFO] AicWrapper attach AIC 23, num_vec_core=2, num_subcore=3
[INFO] Chip 0 AIC / Scheduler / Soc periods: 200.0000 / 200.0000 / 105.0000
[INFO] chip 0 die 0 device created
================================================================================
>>>>                                                                        
>>>>                             " PEM MODEL "                                
>>>>             Total no. of 1 chip(s) Model Init Success!                
>>>>                                                                        
================================================================================
[INFO] Model Start Time: 2026-09-30 11:08:19
[DRVSTUB_LOG] driver_api.c:521 sendSwapBuf:swapbuf_base_addr:10000000
[DRVSTUB_LOG] driver_api.c:522 sendSwapBuf:sq:0 swapbuf_addr:10000000
[DRVSTUB_LOG] driver_api.c:521 sendSwapBuf:swapbuf_base_addr:10000000
[DRVSTUB_LOG] driver_api.c:522 sendSwapBuf:sq:1 swapbuf_addr:10000040
[DRVSTUB_LOG] driver_api.c:521 sendSwapBuf:swapbuf_base_addr:10000000
[DRVSTUB_LOG] driver_api.c:522 sendSwapBuf:sq:2 swapbuf_addr:10000080
[DRVSTUB_LOG] driver_api.c:2210 send_stars_interrupt:get cq_0 base_addr: 10020000
[DRVSTUB_LOG] driver_api.c:2210 send_stars_interrupt:get cq_0 base_addr: 10020000
[DRVSTUB_LOG] driver_api.c:2210 send_stars_interrupt:get cq_0 base_addr: 10020000
[DRVSTUB_LOG] driver_api.c:2210 send_stars_interrupt:get cq_0 base_addr: 10020000
[DRVSTUB_LOG] driver_api.c:2210 send_stars_interrupt:get cq_0 base_addr: 10020000
BATCHES 1 event_rc=0 event_ms=0.000000000 timestamp_rc=0,0 syscnt_delta=0
BATCHES 8 event_rc=0 event_ms=0.000000000 timestamp_rc=0,0 syscnt_delta=0
BATCHES 32 event_rc=0 event_ms=0.000000000 timestamp_rc=0,0 syscnt_delta=0
NUMERIC passed batches32 rows2048 words65536
[DRVSTUB_LOG] driver_api.c:2210 send_stars_interrupt:get cq_0 base_addr: 10020000
[INFO] Model Stop Time: 2026-09-30 11:09:52
Model RUN TIME: 93126.1 ms
[INFO] Total tick: 853718
[INFO] Model stopped successfully.
