START phase=device-build cwd=/Users/sunao2000/gpt_new_oscar command=["limactl", "shell", "--workdir", "/home/sunao2000.linux/gpt_new_oscar", "oscar", "--", "timeout", "--signal=TERM", "--kill-after=10s", "1900", "bash", "-lc", "source /usr/local/Ascend/cann-9.1.0/set_env.sh; export TORCH_DEVICE_BACKEND_AUTOLOAD=0; .venv/bin/python -m tools.build_ops --soc ascend910b4 --log-dir logs/vm-verify-device"]
[oscar] PASSED phase=configure-1 rc=0 log=logs/vm-verify-device/configure-1.log
[oscar] phase=compile-1 running seconds=15.1 log=logs/vm-verify-device/compile-1.log
[oscar] PASSED phase=compile-1 rc=0 log=logs/vm-verify-device/compile-1.log
{
  "signature": "13cf469f64ed7050b77062559e14dc58f62307138b4a75cfec679a73042a3a89",
  "configuration": {
    "source": {
      "CMakeLists.txt": "b29282de1605532384e957322ae6a6c9495b7ba8bb266580bbb67ca5a9c80419",
      "attention_bindings.cpp": "a3f23dee8aa33f2e58becfc32442e8c3e8ca024d499ccefde8fe0b65db0f8d3f",
      "rotation_bindings.cpp": "48af05b40ad563e2d3b1fe36737e8a54b78906cd9141f2451cc3358126787a5d",
      "status_bindings.cpp": "2912ac6aa6be89eb0e6b8507b16c10a3ac8c996182bc52ed0afc87c45d3b2c40",
      "torch_bindings.cpp": "9ce12c775f9bab5331fbd2b4704b960c2d6ea575e1beb858f15eff1caac3cd17",
      "cpu/CMakeLists.txt": "1e7d67f47b4f330f1fa6c59a083246c6672105f81f1538fded57593a5eb819bb",
      "cpu/cv_probe.cpp": "ae30b9887fa51e239f307e5b5b98943587a1803b1999b43c7833a67c51058490",
      "cpu/primitive_probe.cpp": "f1cd3c8fca22d4b03d175762025e8446d6bc937324ccc9441b543a281005a453",
      "cpu/rotation_probe.cpp": "02245026bd7561568e12f58c54225f083f1f8e0d91bc9393c0e661e83ad91c2a",
      "include/oscar_attention_launch.h": "1283c6086b387c167a6ec26f9994c6385fe082bfc82862a0f386bf0ec16f6fd2",
      "include/oscar_launch.h": "c8b51d610755a8053455757ce9a921aa401e756edc6234318edcf2b7d422bbe9",
      "include/oscar_rotation_launch.h": "f231519ac7fd73b1e2316947e75d3c3351c00e095ccf16aa67df944d42ffe180",
      "kernels/attention_cv.cpp": "bfbd23f80841835ef0b0fcae2017759691e2a3ded3e7331fdc49f7845c43ed13",
      "kernels/attention_tasks.cpp": "2e8403290aeb6057b3192b1b7c91918169ddef8f4ef0a149b7ae1789c3851589",
      "kernels/merge_lse.cpp": "8b32602f0efa94e5e1ec23ec03471e17b53c94fb4b45b867aca7e4f1c9af1723",
      "kernels/oscar_common.h": "20574a83f919df5bd6450cd581d1dba5a5a6f169768e7e237ba62f51b7499964",
      "kernels/rotate_clip_store.cpp": "e18bfc08673b3f5a49d24029c9ad34797e0d5b9114e79639ac01310658982748",
      "kernels/status_guard.cpp": "01cbbcfdf99d41daf0ac1372e2ebaa8549380d543bc7c29b426814c96eb593ab",
      "kernels/store_int2.cpp": "5a6fa9619e399bb80bc0455c4426396d98510326bb899900b4b96c65d2b58506"
    },
    "cann": "/usr/local/Ascend/cann-9.1.0",
    "cann_versions": {
      "/usr/local/Ascend/cann-9.1.0/compiler/version.info": "f20359296d5a7127f841aa35f4a788137f444dc36d72641e948cb9e39e47e4f4"
    },
    "soc": "ascend910b4",
    "package_versions": {
      "torch": "2.12.0+cpu",
      "torch_npu": "2.12.0",
      "pybind11": "3.1.0"
    },
    "python": "/home/sunao2000.linux/gpt_new_oscar/.venv/bin/python",
    "torch_npu": "/home/sunao2000.linux/.local/lib/python3.12/site-packages/torch_npu",
    "flags": {
      "CXX": null,
      "CC": null,
      "CXXFLAGS": null
    }
  },
  "extension": "/home/sunao2000.linux/gpt_new_oscar/build/ascendc/_oscar_ascend_ops.cpython-312-aarch64-linux-gnu.so",
  "kernel_library": "/home/sunao2000.linux/gpt_new_oscar/build/ascendc/lib/liboscar_ascend_kernels_13cf469f64ed7050.so",
  "sha256": {
    "/home/sunao2000.linux/gpt_new_oscar/build/ascendc/_oscar_ascend_ops.cpython-312-aarch64-linux-gnu.so": "f16d9da1799c6d64e0afb3498482657485fdc5c8070ff1628ffc4f54b3bddf49",
    "/home/sunao2000.linux/gpt_new_oscar/build/ascendc/lib/liboscar_ascend_kernels_13cf469f64ed7050.so": "33d69e39a936738bed84e05997cf3fc56a8ce4bbbb8e4e3280e88d089e1f4750"
  },
  "build": "passed",
  "device_completion": "not_run"
}
RESULT {"phase": "device-build", "command": ["limactl", "shell", "--workdir", "/home/sunao2000.linux/gpt_new_oscar", "oscar", "--", "timeout", "--signal=TERM", "--kill-after=10s", "1900", "bash", "-lc", "source /usr/local/Ascend/cann-9.1.0/set_env.sh; export TORCH_DEVICE_BACKEND_AUTOLOAD=0; .venv/bin/python -m tools.build_ops --soc ascend910b4 --log-dir logs/vm-verify-device"], "returncode": 0, "elapsed_seconds": 23.621512, "timed_out": false, "interrupted": false, "log": "/Users/sunao2000/gpt_new_oscar/reports/vm/logs/device-build.log", "cleanup_complete": true}
