START phase=primitive-goldens cwd=/Users/sunao2000/gpt_new_oscar command=["limactl", "shell", "--workdir", "/home/sunao2000.linux/gpt_new_oscar", "oscar", "--", "timeout", "--signal=TERM", "--kill-after=10s", "1900", "bash", "-lc", "source /usr/local/Ascend/cann-9.1.0/set_env.sh; export TORCH_DEVICE_BACKEND_AUTOLOAD=0; .venv/bin/python -m tools.generate_cpu_cases --output artifacts/cpu_cases"]
[
  {
    "op": "store",
    "path": "artifacts/cpu_cases/store_64_0"
  },
  {
    "op": "store",
    "path": "artifacts/cpu_cases/store_64_1"
  },
  {
    "op": "merge",
    "path": "artifacts/cpu_cases/merge_64_1"
  },
  {
    "op": "merge",
    "path": "artifacts/cpu_cases/merge_64_3"
  },
  {
    "op": "merge",
    "path": "artifacts/cpu_cases/merge_64_128"
  },
  {
    "op": "store",
    "path": "artifacts/cpu_cases/store_128_0"
  },
  {
    "op": "store",
    "path": "artifacts/cpu_cases/store_128_1"
  },
  {
    "op": "merge",
    "path": "artifacts/cpu_cases/merge_128_1"
  },
  {
    "op": "merge",
    "path": "artifacts/cpu_cases/merge_128_3"
  },
  {
    "op": "merge",
    "path": "artifacts/cpu_cases/merge_128_128"
  },
  {
    "op": "store",
    "path": "artifacts/cpu_cases/store_256_0"
  },
  {
    "op": "store",
    "path": "artifacts/cpu_cases/store_256_1"
  },
  {
    "op": "merge",
    "path": "artifacts/cpu_cases/merge_256_1"
  },
  {
    "op": "merge",
    "path": "artifacts/cpu_cases/merge_256_3"
  },
  {
    "op": "merge",
    "path": "artifacts/cpu_cases/merge_256_128"
  },
  {
    "op": "guard",
    "path": "artifacts/cpu_cases/guard_zero",
    "expect_kernel_error": false
  },
  {
    "op": "guard",
    "path": "artifacts/cpu_cases/guard_error",
    "expect_kernel_error": true
  }
]
RESULT {"phase": "primitive-goldens", "command": ["limactl", "shell", "--workdir", "/home/sunao2000.linux/gpt_new_oscar", "oscar", "--", "timeout", "--signal=TERM", "--kill-after=10s", "1900", "bash", "-lc", "source /usr/local/Ascend/cann-9.1.0/set_env.sh; export TORCH_DEVICE_BACKEND_AUTOLOAD=0; .venv/bin/python -m tools.generate_cpu_cases --output artifacts/cpu_cases"], "returncode": 0, "elapsed_seconds": 0.820437, "timed_out": false, "interrupted": false, "log": "/Users/sunao2000/gpt_new_oscar/reports/vm/logs/primitive-goldens.log", "cleanup_complete": true}
