START phase=rotation-goldens cwd=/Users/sunao2000/gpt_new_oscar command=["limactl", "shell", "--workdir", "/home/sunao2000.linux/gpt_new_oscar", "oscar", "--", "timeout", "--signal=TERM", "--kill-after=10s", "1900", "bash", "-lc", "source /usr/local/Ascend/cann-9.1.0/set_env.sh; export TORCH_DEVICE_BACKEND_AUTOLOAD=0; .venv/bin/python -m tools.generate_rotation_cpu_cases --output artifacts/rotation_cpu_cases"]
[
  {
    "op": "rotate",
    "path": "artifacts/rotation_cpu_cases/rotate_64_0"
  },
  {
    "op": "rotate",
    "path": "artifacts/rotation_cpu_cases/rotate_masked_64_0"
  },
  {
    "op": "rotate_store",
    "path": "artifacts/rotation_cpu_cases/rotate_store_64_0_0.00"
  },
  {
    "op": "rotate_store",
    "path": "artifacts/rotation_cpu_cases/rotate_store_64_0_0.95"
  },
  {
    "op": "rotate",
    "path": "artifacts/rotation_cpu_cases/rotate_64_1"
  },
  {
    "op": "rotate",
    "path": "artifacts/rotation_cpu_cases/rotate_masked_64_1"
  },
  {
    "op": "rotate_store",
    "path": "artifacts/rotation_cpu_cases/rotate_store_64_1_0.00"
  },
  {
    "op": "rotate_store",
    "path": "artifacts/rotation_cpu_cases/rotate_store_64_1_0.95"
  },
  {
    "op": "rotate",
    "path": "artifacts/rotation_cpu_cases/rotate_128_0"
  },
  {
    "op": "rotate",
    "path": "artifacts/rotation_cpu_cases/rotate_masked_128_0"
  },
  {
    "op": "rotate_store",
    "path": "artifacts/rotation_cpu_cases/rotate_store_128_0_0.00"
  },
  {
    "op": "rotate_store",
    "path": "artifacts/rotation_cpu_cases/rotate_store_128_0_0.95"
  },
  {
    "op": "rotate",
    "path": "artifacts/rotation_cpu_cases/rotate_128_1"
  },
  {
    "op": "rotate",
    "path": "artifacts/rotation_cpu_cases/rotate_masked_128_1"
  },
  {
    "op": "rotate_store",
    "path": "artifacts/rotation_cpu_cases/rotate_store_128_1_0.00"
  },
  {
    "op": "rotate_store",
    "path": "artifacts/rotation_cpu_cases/rotate_store_128_1_0.95"
  },
  {
    "op": "rotate",
    "path": "artifacts/rotation_cpu_cases/rotate_256_0"
  },
  {
    "op": "rotate",
    "path": "artifacts/rotation_cpu_cases/rotate_masked_256_0"
  },
  {
    "op": "rotate_store",
    "path": "artifacts/rotation_cpu_cases/rotate_store_256_0_0.00"
  },
  {
    "op": "rotate_store",
    "path": "artifacts/rotation_cpu_cases/rotate_store_256_0_0.95"
  },
  {
    "op": "rotate",
    "path": "artifacts/rotation_cpu_cases/rotate_256_1"
  },
  {
    "op": "rotate",
    "path": "artifacts/rotation_cpu_cases/rotate_masked_256_1"
  },
  {
    "op": "rotate_store",
    "path": "artifacts/rotation_cpu_cases/rotate_store_256_1_0.00"
  },
  {
    "op": "rotate_store",
    "path": "artifacts/rotation_cpu_cases/rotate_store_256_1_0.95"
  },
  {
    "op": "rotate_store",
    "path": "artifacts/rotation_cpu_cases/rotate_store_errors"
  },
  {
    "op": "rotate_store",
    "path": "artifacts/rotation_cpu_cases/rotate_store_sink_only"
  }
]
RESULT {"phase": "rotation-goldens", "command": ["limactl", "shell", "--workdir", "/home/sunao2000.linux/gpt_new_oscar", "oscar", "--", "timeout", "--signal=TERM", "--kill-after=10s", "1900", "bash", "-lc", "source /usr/local/Ascend/cann-9.1.0/set_env.sh; export TORCH_DEVICE_BACKEND_AUTOLOAD=0; .venv/bin/python -m tools.generate_rotation_cpu_cases --output artifacts/rotation_cpu_cases"], "returncode": 0, "elapsed_seconds": 1.029202, "timed_out": false, "interrupted": false, "log": "/Users/sunao2000/gpt_new_oscar/reports/vm/logs/rotation-goldens.log", "cleanup_complete": true}
