START phase=002-attention_cv cwd=/home/sunao2000.linux/gpt_new_oscar command=["/home/sunao2000.linux/gpt_new_oscar/build/cpu/oscar_cv_cpu", "attention_cv", "/home/sunao2000.linux/gpt_new_oscar/artifacts/cv_cpu_cases/d64_q4_c0"]
[TmSim]: Run in serial mode.
[TmSim]: Run in serial mode.
[TmSim]: Run in serial mode.
[TmSim]: Run in serial mode.
[SUCCESS][CORE_0][pid 91059] exit success!
[SUCCESS][CORE_1][pid 91060] exit success!
[SUCCESS][CORE_2][pid 91061] exit success!
[SUCCESS][CORE_3][pid 91062] exit success!
[TmSim]: Run in serial mode.
[TmSim]: Run in serial mode.
[TmSim]: Run in serial mode.
[TmSim]: Run in serial mode.
[SUCCESS][CORE_0][pid 91063] exit success!
[SUCCESS][CORE_1][pid 91064] exit success!
[SUCCESS][CORE_2][pid 91065] exit success!
[SUCCESS][CORE_3][pid 91066] exit success!
metadata padded request and changed-slot cases passed
[TmSim]: Run in serial mode.
[TmSim]: Run in serial mode.
[TmSim]: Run in serial mode.
[SUCCESS][CORE_0][pid 91067] exit success!
[TmSim]: Run in serial mode.
[SUCCESS][CORE_1][pid 91068] exit success!
[SUCCESS][CORE_2][pid 91069] exit success!
[SUCCESS][CORE_3][pid 91070] exit success!
[TmSim]: Run in serial mode.
[TmSim]: Run in serial mode.
[TmSim]: Run in serial mode.
[TmSim]: Run in serial mode.
[SUCCESS][CORE_0][pid 91071] exit success!
[SUCCESS][CORE_1][pid 91072] exit success!
[SUCCESS][CORE_2][pid 91073] exit success!
[SUCCESS][CORE_3][pid 91074] exit success!
[TmSim]: Run in serial mode.
[TmSim]: Run in serial mode.
[TmSim]: Run in serial mode.
[TmSim]: Run in serial mode.
[SUCCESS][CORE_0][pid 91075] exit success!
[SUCCESS][CORE_1][pid 91076] exit success!
[SUCCESS][CORE_2][pid 91077] exit success!
[SUCCESS][CORE_3][pid 91078] exit success!
MTP slot-derived context, duplicate and missing page cases passed
[TmSim]: Run in serial mode.
[TmSim]: Run in serial mode.
[TmSim]: Run in serial mode.
[TmSim]: Run in serial mode.
[SUCCESS][CORE_0][pid 91079] exit success!
[SUCCESS][CORE_1][pid 91080] exit success!
[SUCCESS][CORE_2][pid 91081] exit success!
[SUCCESS][CORE_3][pid 91082] exit success!
[TmSim]: Run in serial mode.
[TmSim]: Run in serial mode.
[TmSim]: Run in serial mode.
[TmSim]: Run in serial mode.
[SUCCESS][AIC_0][pid 91083] exit success!
[TmSim]: Run in serial mode.
[TmSim]: Run in serial mode.
[SUCCESS][AIV_0][pid 91084] exit success!
[SUCCESS][AIV_1][pid 91085] exit success!
[SUCCESS][AIC_1][pid 91086] exit success!
[SUCCESS][AIV_2][pid 91087] exit success!
[SUCCESS][AIV_3][pid 91088] exit success!
splits=1 empty_segments=2
[TmSim]: Run in serial mode.
[TmSim]: Run in serial mode.
[TmSim]: Run in serial mode.
[TmSim]: Run in serial mode.
[SUCCESS][CORE_0][pid 91090] exit success!
[SUCCESS][CORE_1][pid 91091] exit success!
[SUCCESS][CORE_2][pid 91092] exit success!
[SUCCESS][CORE_3][pid 91093] exit success!
max_abs=2.38419e-07 file=/home/sunao2000.linux/gpt_new_oscar/artifacts/cv_cpu_cases/d64_q4_c0/expected_output.bin
max_abs=2.38419e-07 file=/home/sunao2000.linux/gpt_new_oscar/artifacts/cv_cpu_cases/d64_q4_c0/expected_lse.bin
{"backend":"ascendc_cpu_debug","op":"attention_cv","status":"passed"}
RESULT {"phase": "002-attention_cv", "command": ["/home/sunao2000.linux/gpt_new_oscar/build/cpu/oscar_cv_cpu", "attention_cv", "/home/sunao2000.linux/gpt_new_oscar/artifacts/cv_cpu_cases/d64_q4_c0"], "returncode": 0, "elapsed_seconds": 0.606316, "timed_out": false, "interrupted": false, "log": "/home/sunao2000.linux/gpt_new_oscar/logs/vm-cv/002-attention_cv.log", "cleanup_complete": true}
