START phase=003-attention_cv cwd=/home/sunao2000.linux/gpt_new_oscar command=["/home/sunao2000.linux/gpt_new_oscar/build/cpu/oscar_cv_cpu", "attention_cv", "/home/sunao2000.linux/gpt_new_oscar/artifacts/cv_cpu_cases/d128_q4_c129"]
[TmSim]: Run in serial mode.
[TmSim]: Run in serial mode.
[TmSim]: Run in serial mode.
[TmSim]: Run in serial mode.
[SUCCESS][CORE_0][pid 91095] exit success!
[SUCCESS][CORE_1][pid 91096] exit success!
[SUCCESS][CORE_2][pid 91097] exit success!
[SUCCESS][CORE_3][pid 91098] exit success!
[TmSim]: Run in serial mode.
[TmSim]: Run in serial mode.
[TmSim]: Run in serial mode.
[TmSim]: Run in serial mode.
[SUCCESS][CORE_0][pid 91099] exit success!
[SUCCESS][CORE_1][pid 91100] exit success!
[SUCCESS][CORE_2][pid 91101] exit success!
[SUCCESS][CORE_3][pid 91102] exit success!
metadata padded request and changed-slot cases passed
[TmSim]: Run in serial mode.
[TmSim]: Run in serial mode.
[TmSim]: Run in serial mode.
[TmSim]: Run in serial mode.
[SUCCESS][CORE_0][pid 91103] exit success!
[SUCCESS][CORE_1][pid 91104] exit success!
[SUCCESS][CORE_2][pid 91105] exit success!
[SUCCESS][CORE_3][pid 91106] exit success!
[TmSim]: Run in serial mode.
[TmSim]: Run in serial mode.
[TmSim]: Run in serial mode.
[TmSim]: Run in serial mode.
[SUCCESS][CORE_0][pid 91107] exit success!
[SUCCESS][CORE_1][pid 91108] exit success!
[SUCCESS][CORE_2][pid 91109] exit success!
[SUCCESS][CORE_3][pid 91110] exit success!
[TmSim]: Run in serial mode.
[TmSim]: Run in serial mode.
[TmSim]: Run in serial mode.
[TmSim]: Run in serial mode.
[SUCCESS][CORE_0][pid 91111] exit success!
[SUCCESS][CORE_1][pid 91112] exit success!
[SUCCESS][CORE_2][pid 91113] exit success!
[SUCCESS][CORE_3][pid 91114] exit success!
MTP slot-derived context, duplicate and missing page cases passed
[TmSim]: Run in serial mode.
[TmSim]: Run in serial mode.
[TmSim]: Run in serial mode.
[TmSim]: Run in serial mode.
[SUCCESS][CORE_0][pid 91115] exit success!
[SUCCESS][CORE_1][pid 91116] exit success!
[SUCCESS][CORE_2][pid 91117] exit success!
[SUCCESS][CORE_3][pid 91118] exit success!
[TmSim]: Run in serial mode.
[TmSim]: Run in serial mode.
[TmSim]: Run in serial mode.
[TmSim]: Run in serial mode.
[SUCCESS][AIC_0][pid 91119] exit success!
[TmSim]: Run in serial mode.
[TmSim]: Run in serial mode.
[SUCCESS][AIV_0][pid 91120] exit success!
[SUCCESS][AIV_1][pid 91121] exit success!
[SUCCESS][AIC_1][pid 91122] exit success!
[SUCCESS][AIV_2][pid 91123] exit success!
[SUCCESS][AIV_3][pid 91124] exit success!
splits=1 empty_segments=0
[TmSim]: Run in serial mode.
[TmSim]: Run in serial mode.
[TmSim]: Run in serial mode.
[TmSim]: Run in serial mode.
[SUCCESS][CORE_0][pid 91125] exit success!
[SUCCESS][CORE_1][pid 91126] exit success!
[SUCCESS][CORE_2][pid 91127] exit success!
[SUCCESS][CORE_3][pid 91128] exit success!
max_abs=6.55651e-07 file=/home/sunao2000.linux/gpt_new_oscar/artifacts/cv_cpu_cases/d128_q4_c129/expected_output.bin
max_abs=4.76837e-07 file=/home/sunao2000.linux/gpt_new_oscar/artifacts/cv_cpu_cases/d128_q4_c129/expected_lse.bin
{"backend":"ascendc_cpu_debug","op":"attention_cv","status":"passed"}
RESULT {"phase": "003-attention_cv", "command": ["/home/sunao2000.linux/gpt_new_oscar/build/cpu/oscar_cv_cpu", "attention_cv", "/home/sunao2000.linux/gpt_new_oscar/artifacts/cv_cpu_cases/d128_q4_c129"], "returncode": 0, "elapsed_seconds": 1.749176, "timed_out": false, "interrupted": false, "log": "/home/sunao2000.linux/gpt_new_oscar/logs/vm-cv/003-attention_cv.log", "cleanup_complete": true}
