START phase=007-attention_cv cwd=/home/sunao2000.linux/gpt_new_oscar command=["/home/sunao2000.linux/gpt_new_oscar/build/cpu/oscar_cv_cpu", "attention_cv", "/home/sunao2000.linux/gpt_new_oscar/artifacts/cv_cpu_cases/d64_q2_c320"]
[TmSim]: Run in serial mode.
[TmSim]: Run in serial mode.
[TmSim]: Run in serial mode.
[TmSim]: Run in serial mode.
[SUCCESS][CORE_0][pid 110351] exit success!
[SUCCESS][CORE_1][pid 110352] exit success!
[SUCCESS][CORE_2][pid 110353] exit success!
[SUCCESS][CORE_3][pid 110354] exit success!
[TmSim]: Run in serial mode.
[TmSim]: Run in serial mode.
[TmSim]: Run in serial mode.
[TmSim]: Run in serial mode.
[SUCCESS][CORE_0][pid 110355] exit success!
[SUCCESS][CORE_1][pid 110356] exit success!
[SUCCESS][CORE_2][pid 110357] exit success!
[SUCCESS][CORE_3][pid 110358] exit success!
metadata padded request and changed-slot cases passed
[TmSim]: Run in serial mode.
[TmSim]: Run in serial mode.
[TmSim]: Run in serial mode.
[TmSim]: Run in serial mode.
[SUCCESS][CORE_0][pid 110359] exit success!
[SUCCESS][CORE_1][pid 110360] exit success!
[SUCCESS][CORE_2][pid 110361] exit success!
[SUCCESS][CORE_3][pid 110362] exit success!
[TmSim]: Run in serial mode.
[TmSim]: Run in serial mode.
[TmSim]: Run in serial mode.
[TmSim]: Run in serial mode.
[SUCCESS][CORE_0][pid 110363] exit success!
[SUCCESS][CORE_1][pid 110364] exit success!
[SUCCESS][CORE_2][pid 110365] exit success!
[SUCCESS][CORE_3][pid 110366] exit success!
[TmSim]: Run in serial mode.
[TmSim]: Run in serial mode.
[TmSim]: Run in serial mode.
[TmSim]: Run in serial mode.
[SUCCESS][CORE_0][pid 110367] exit success!
[SUCCESS][CORE_1][pid 110368] exit success!
[SUCCESS][CORE_2][pid 110369] exit success!
[SUCCESS][CORE_3][pid 110370] exit success!
MTP slot-derived context, duplicate and missing page cases passed
[TmSim]: Run in serial mode.
[TmSim]: Run in serial mode.
[TmSim]: Run in serial mode.
[TmSim]: Run in serial mode.
[SUCCESS][CORE_0][pid 110371] exit success!
[SUCCESS][CORE_1][pid 110372] exit success!
[SUCCESS][CORE_2][pid 110373] exit success!
[SUCCESS][CORE_3][pid 110374] exit success!
[TmSim]: Run in serial mode.
[TmSim]: Run in serial mode.
[TmSim]: Run in serial mode.
[TmSim]: Run in serial mode.
[SUCCESS][AIC_0][pid 110375] exit success!
[TmSim]: Run in serial mode.
[TmSim]: Run in serial mode.
[SUCCESS][AIV_0][pid 110376] exit success!
[SUCCESS][AIV_1][pid 110377] exit success!
[SUCCESS][AIC_1][pid 110378] exit success!
[SUCCESS][AIV_2][pid 110379] exit success!
[SUCCESS][AIV_3][pid 110380] exit success!
splits=1 empty_segments=0
[TmSim]: Run in serial mode.
[TmSim]: Run in serial mode.
[TmSim]: Run in serial mode.
[TmSim]: Run in serial mode.
[SUCCESS][CORE_0][pid 110382] exit success!
[SUCCESS][CORE_1][pid 110383] exit success!
[SUCCESS][CORE_2][pid 110384] exit success!
[SUCCESS][CORE_3][pid 110385] exit success!
max_abs=2.23517e-07 file=/home/sunao2000.linux/gpt_new_oscar/artifacts/cv_cpu_cases/d64_q2_c320/expected_output.bin
max_abs=4.76837e-07 file=/home/sunao2000.linux/gpt_new_oscar/artifacts/cv_cpu_cases/d64_q2_c320/expected_lse.bin
{"backend":"ascendc_cpu_debug","op":"attention_cv","status":"passed"}
RESULT {"phase": "007-attention_cv", "command": ["/home/sunao2000.linux/gpt_new_oscar/build/cpu/oscar_cv_cpu", "attention_cv", "/home/sunao2000.linux/gpt_new_oscar/artifacts/cv_cpu_cases/d64_q2_c320"], "returncode": 0, "elapsed_seconds": 1.966098, "timed_out": false, "interrupted": false, "log": "/home/sunao2000.linux/gpt_new_oscar/logs/vm-cv/007-attention_cv.log", "cleanup_complete": true}
