START phase=010-bad_tag cwd=/home/sunao2000.linux/gpt_new_oscar command=["/home/sunao2000.linux/gpt_new_oscar/build/cpu/oscar_cv_cpu", "bad_tag", "/home/sunao2000.linux/gpt_new_oscar/artifacts/cv_cpu_cases/d64_q4_c65"]
[TmSim]: Run in serial mode.
[TmSim]: Run in serial mode.
[TmSim]: Run in serial mode.
[TmSim]: Run in serial mode.
[SUCCESS][CORE_0][pid 81986] exit success!
[SUCCESS][CORE_1][pid 81987] exit success!
[SUCCESS][CORE_2][pid 81988] exit success!
[SUCCESS][CORE_3][pid 81989] exit success!
[TmSim]: Run in serial mode.
[TmSim]: Run in serial mode.
[TmSim]: Run in serial mode.
[TmSim]: Run in serial mode.
[SUCCESS][CORE_0][pid 81990] exit success!
[SUCCESS][CORE_1][pid 81991] exit success!
[SUCCESS][CORE_2][pid 81992] exit success!
[SUCCESS][CORE_3][pid 81993] exit success!
metadata padded request and changed-slot cases passed
[TmSim]: Run in serial mode.
[TmSim]: Run in serial mode.
[TmSim]: Run in serial mode.
[TmSim]: Run in serial mode.
[SUCCESS][CORE_0][pid 81994] exit success!
[SUCCESS][CORE_1][pid 81995] exit success!
[SUCCESS][CORE_2][pid 81996] exit success!
[SUCCESS][CORE_3][pid 81997] exit success!
[TmSim]: Run in serial mode.
[TmSim]: Run in serial mode.
[TmSim]: Run in serial mode.
[TmSim]: Run in serial mode.
[SUCCESS][CORE_0][pid 81998] exit success!
[SUCCESS][CORE_1][pid 81999] exit success!
[SUCCESS][CORE_2][pid 82000] exit success!
[SUCCESS][CORE_3][pid 82001] exit success!
[TmSim]: Run in serial mode.
[TmSim]: Run in serial mode.
[TmSim]: Run in serial mode.
[TmSim]: Run in serial mode.
[SUCCESS][CORE_0][pid 82002] exit success!
[SUCCESS][CORE_1][pid 82003] exit success!
[SUCCESS][CORE_2][pid 82004] exit success!
[SUCCESS][CORE_3][pid 82005] exit success!
MTP slot-derived context, duplicate and missing page cases passed
[TmSim]: Run in serial mode.
[TmSim]: Run in serial mode.
[TmSim]: Run in serial mode.
[TmSim]: Run in serial mode.
[SUCCESS][CORE_0][pid 82006] exit success!
[SUCCESS][CORE_1][pid 82007] exit success!
[SUCCESS][CORE_2][pid 82008] exit success!
[SUCCESS][CORE_3][pid 82009] exit success!
[TmSim]: Run in serial mode.
[TmSim]: Run in serial mode.
[TmSim]: Run in serial mode.
[TmSim]: Run in serial mode.
[SUCCESS][AIC_0][pid 82010] exit success!
[TmSim]: Run in serial mode.
[TmSim]: Run in serial mode.
[SUCCESS][AIV_0][pid 82011] exit success!
[SUCCESS][AIV_1][pid 82012] exit success!
[SUCCESS][AIC_1][pid 82013] exit success!
[SUCCESS][AIV_2][pid 82014] exit success!
[SUCCESS][AIV_3][pid 82015] exit success!
{"backend":"ascendc_cpu_debug","op":"bad_tag","status":"passed"}
RESULT {"phase": "010-bad_tag", "command": ["/home/sunao2000.linux/gpt_new_oscar/build/cpu/oscar_cv_cpu", "bad_tag", "/home/sunao2000.linux/gpt_new_oscar/artifacts/cv_cpu_cases/d64_q4_c65"], "returncode": 0, "elapsed_seconds": 0.927593, "timed_out": false, "interrupted": false, "log": "/home/sunao2000.linux/gpt_new_oscar/logs/vm-cv/010-bad_tag.log", "cleanup_complete": true}
