START phase=010-attention_cv cwd=/home/sunao2000.linux/gpt_new_oscar command=["/home/sunao2000.linux/gpt_new_oscar/build/cpu/oscar_cv_cpu", "attention_cv", "/home/sunao2000.linux/gpt_new_oscar/artifacts/cv_cpu_cases/d64_q33_c511_hk2"]
[TmSim]: Run in serial mode.
[TmSim]: Run in serial mode.
[TmSim]: Run in serial mode.
[TmSim]: Run in serial mode.
[SUCCESS][CORE_0][pid 127091] exit success!
[SUCCESS][CORE_1][pid 127092] exit success!
[SUCCESS][CORE_2][pid 127093] exit success!
[SUCCESS][CORE_3][pid 127094] exit success!
[TmSim]: Run in serial mode.
[SUCCESS][CORE_0][pid 127095] exit success!
[TmSim]: Run in serial mode.
[TmSim]: Run in serial mode.
[TmSim]: Run in serial mode.
[SUCCESS][CORE_1][pid 127096] exit success!
[SUCCESS][CORE_2][pid 127097] exit success!
[SUCCESS][CORE_3][pid 127098] exit success!
metadata padded request and changed-slot cases passed
[TmSim]: Run in serial mode.
[TmSim]: Run in serial mode.
[TmSim]: Run in serial mode.
[TmSim]: Run in serial mode.
[SUCCESS][CORE_0][pid 127099] exit success!
[SUCCESS][CORE_1][pid 127100] exit success!
[SUCCESS][CORE_2][pid 127101] exit success!
[SUCCESS][CORE_3][pid 127102] exit success!
[TmSim]: Run in serial mode.
[TmSim]: Run in serial mode.
[TmSim]: Run in serial mode.
[TmSim]: Run in serial mode.
[SUCCESS][CORE_0][pid 127103] exit success!
[SUCCESS][CORE_1][pid 127104] exit success!
[SUCCESS][CORE_2][pid 127105] exit success!
[SUCCESS][CORE_3][pid 127106] exit success!
[TmSim]: Run in serial mode.
[TmSim]: Run in serial mode.
[TmSim]: Run in serial mode.
[TmSim]: Run in serial mode.
[SUCCESS][CORE_0][pid 127107] exit success!
[SUCCESS][CORE_1][pid 127108] exit success!
[SUCCESS][CORE_2][pid 127109] exit success!
[SUCCESS][CORE_3][pid 127110] exit success!
MTP slot-derived context, duplicate and missing page cases passed
[TmSim]: Run in serial mode.
[TmSim]: Run in serial mode.
[TmSim]: Run in serial mode.
[TmSim]: Run in serial mode.
[SUCCESS][CORE_0][pid 127111] exit success!
[SUCCESS][CORE_1][pid 127112] exit success!
[SUCCESS][CORE_2][pid 127113] exit success!
[SUCCESS][CORE_3][pid 127114] exit success!
[TmSim]: Run in serial mode.
[TmSim]: Run in serial mode.
[TmSim]: Run in serial mode.
[TmSim]: Run in serial mode.
[SUCCESS][AIC_0][pid 127115] exit success!
[TmSim]: Run in serial mode.
[TmSim]: Run in serial mode.
[SUCCESS][AIV_0][pid 127116] exit success!
[SUCCESS][AIV_1][pid 127117] exit success!
[SUCCESS][AIC_1][pid 127118] exit success!
[SUCCESS][AIV_2][pid 127119] exit success!
[SUCCESS][AIV_3][pid 127120] exit success!
splits=1 empty_segments=0
[TmSim]: Run in serial mode.
[TmSim]: Run in serial mode.
[TmSim]: Run in serial mode.
[SUCCESS][CORE_0][pid 127128] exit success!
[SUCCESS][CORE_1][pid 127129] exit success!
[SUCCESS][CORE_2][pid 127130] exit success!
[TmSim]: Run in serial mode.
[SUCCESS][CORE_3][pid 127131] exit success!
max_abs=1.13249e-06 file=/home/sunao2000.linux/gpt_new_oscar/artifacts/cv_cpu_cases/d64_q33_c511_hk2/expected_output.bin
max_abs=9.53674e-07 file=/home/sunao2000.linux/gpt_new_oscar/artifacts/cv_cpu_cases/d64_q33_c511_hk2/expected_lse.bin
{"backend":"ascendc_cpu_debug","op":"attention_cv","status":"passed"}
RESULT {"phase": "010-attention_cv", "command": ["/home/sunao2000.linux/gpt_new_oscar/build/cpu/oscar_cv_cpu", "attention_cv", "/home/sunao2000.linux/gpt_new_oscar/artifacts/cv_cpu_cases/d64_q33_c511_hk2"], "returncode": 0, "elapsed_seconds": 20.308474, "timed_out": false, "interrupted": false, "log": "/home/sunao2000.linux/gpt_new_oscar/logs/vm-cv/010-attention_cv.log", "cleanup_complete": true}
