START phase=012-bad_meta cwd=/home/sunao2000.linux/gpt_new_oscar command=["/home/sunao2000.linux/gpt_new_oscar/build/cpu/oscar_cv_cpu", "bad_meta", "/home/sunao2000.linux/gpt_new_oscar/artifacts/cv_cpu_cases/d64_q4_c65"]
[TmSim]: Run in serial mode.
[TmSim]: Run in serial mode.
[TmSim]: Run in serial mode.
[TmSim]: Run in serial mode.
[SUCCESS][CORE_0][pid 82049] exit success!
[SUCCESS][CORE_1][pid 82050] exit success!
[SUCCESS][CORE_2][pid 82051] exit success!
[SUCCESS][CORE_3][pid 82052] exit success!
[TmSim]: Run in serial mode.
[TmSim]: Run in serial mode.
[TmSim]: Run in serial mode.
[TmSim]: Run in serial mode.
[SUCCESS][CORE_0][pid 82053] exit success!
[SUCCESS][CORE_1][pid 82054] exit success!
[SUCCESS][CORE_2][pid 82055] exit success!
[SUCCESS][CORE_3][pid 82056] exit success!
metadata padded request and changed-slot cases passed
[TmSim]: Run in serial mode.
[TmSim]: Run in serial mode.
[TmSim]: Run in serial mode.
[TmSim]: Run in serial mode.
[SUCCESS][CORE_0][pid 82057] exit success!
[SUCCESS][CORE_1][pid 82058] exit success!
[SUCCESS][CORE_2][pid 82059] exit success!
[SUCCESS][CORE_3][pid 82060] exit success!
[TmSim]: Run in serial mode.
[TmSim]: Run in serial mode.
[TmSim]: Run in serial mode.
[TmSim]: Run in serial mode.
[SUCCESS][CORE_0][pid 82061] exit success!
[SUCCESS][CORE_1][pid 82062] exit success!
[SUCCESS][CORE_2][pid 82063] exit success!
[SUCCESS][CORE_3][pid 82064] exit success!
[TmSim]: Run in serial mode.
[TmSim]: Run in serial mode.
[TmSim]: Run in serial mode.
[TmSim]: Run in serial mode.
[SUCCESS][CORE_0][pid 82065] exit success!
[SUCCESS][CORE_1][pid 82066] exit success!
[SUCCESS][CORE_2][pid 82067] exit success!
[SUCCESS][CORE_3][pid 82068] exit success!
MTP slot-derived context, duplicate and missing page cases passed
[TmSim]: Run in serial mode.
[TmSim]: Run in serial mode.
[TmSim]: Run in serial mode.
[TmSim]: Run in serial mode.
[SUCCESS][CORE_0][pid 82069] exit success!
[SUCCESS][CORE_1][pid 82070] exit success!
[SUCCESS][CORE_2][pid 82071] exit success!
[SUCCESS][CORE_3][pid 82072] exit success!
[TmSim]: Run in serial mode.
[TmSim]: Run in serial mode.
[TmSim]: Run in serial mode.
[TmSim]: Run in serial mode.
[SUCCESS][AIC_0][pid 82073] exit success!
[TmSim]: Run in serial mode.
[TmSim]: Run in serial mode.
[SUCCESS][AIV_0][pid 82074] exit success!
[SUCCESS][AIV_1][pid 82075] exit success!
[SUCCESS][AIC_1][pid 82076] exit success!
[SUCCESS][AIV_2][pid 82077] exit success!
[SUCCESS][AIV_3][pid 82078] exit success!
{"backend":"ascendc_cpu_debug","op":"bad_meta","status":"passed"}
RESULT {"phase": "012-bad_meta", "command": ["/home/sunao2000.linux/gpt_new_oscar/build/cpu/oscar_cv_cpu", "bad_meta", "/home/sunao2000.linux/gpt_new_oscar/artifacts/cv_cpu_cases/d64_q4_c65"], "returncode": 0, "elapsed_seconds": 0.920632, "timed_out": false, "interrupted": false, "log": "/home/sunao2000.linux/gpt_new_oscar/logs/vm-cv/012-bad_meta.log", "cleanup_complete": true}
