START phase=012-attention_cv cwd=/home/sunao2000.linux/gpt_new_oscar command=["/home/sunao2000.linux/gpt_new_oscar/build/cpu/oscar_cv_cpu", "attention_cv", "/home/sunao2000.linux/gpt_new_oscar/artifacts/cv_cpu_cases/d64_q4_c0_s20"]
[TmSim]: Run in serial mode.
[TmSim]: Run in serial mode.
[TmSim]: Run in serial mode.
[TmSim]: Run in serial mode.
[SUCCESS][CORE_0][pid 91582] exit success!
[SUCCESS][CORE_1][pid 91583] exit success!
[SUCCESS][CORE_2][pid 91584] exit success!
[SUCCESS][CORE_3][pid 91585] exit success!
[TmSim]: Run in serial mode.
[TmSim]: Run in serial mode.
[TmSim]: Run in serial mode.
[TmSim]: Run in serial mode.
[SUCCESS][CORE_0][pid 91586] exit success!
[SUCCESS][CORE_1][pid 91587] exit success!
[SUCCESS][CORE_2][pid 91588] exit success!
[SUCCESS][CORE_3][pid 91589] exit success!
metadata padded request and changed-slot cases passed
[TmSim]: Run in serial mode.
[TmSim]: Run in serial mode.
[TmSim]: Run in serial mode.
[TmSim]: Run in serial mode.
[SUCCESS][CORE_0][pid 91590] exit success!
[SUCCESS][CORE_1][pid 91591] exit success!
[SUCCESS][CORE_2][pid 91592] exit success!
[SUCCESS][CORE_3][pid 91593] exit success!
[TmSim]: Run in serial mode.
[TmSim]: Run in serial mode.
[TmSim]: Run in serial mode.
[TmSim]: Run in serial mode.
[SUCCESS][CORE_0][pid 91594] exit success!
[SUCCESS][CORE_1][pid 91595] exit success!
[SUCCESS][CORE_2][pid 91596] exit success!
[SUCCESS][CORE_3][pid 91597] exit success!
[TmSim]: Run in serial mode.
[TmSim]: Run in serial mode.
[TmSim]: Run in serial mode.
[TmSim]: Run in serial mode.
[SUCCESS][CORE_0][pid 91598] exit success!
[SUCCESS][CORE_1][pid 91599] exit success!
[SUCCESS][CORE_2][pid 91600] exit success!
[SUCCESS][CORE_3][pid 91601] exit success!
MTP slot-derived context, duplicate and missing page cases passed
[TmSim]: Run in serial mode.
[TmSim]: Run in serial mode.
[TmSim]: Run in serial mode.
[TmSim]: Run in serial mode.
[SUCCESS][CORE_0][pid 91602] exit success!
[SUCCESS][CORE_1][pid 91603] exit success!
[SUCCESS][CORE_2][pid 91604] exit success!
[SUCCESS][CORE_3][pid 91605] exit success!
[TmSim]: Run in serial mode.
[TmSim]: Run in serial mode.
[TmSim]: Run in serial mode.
[TmSim]: Run in serial mode.
[TmSim]: Run in serial mode.
[TmSim]: Run in serial mode.
[TmSim]: Run in serial mode.
[TmSim]: Run in serial mode.
[TmSim]: Run in serial mode.
[TmSim]: Run in serial mode.
[TmSim]: Run in serial mode.
[TmSim]: Run in serial mode.
[TmSim]: Run in serial mode.
[TmSim]: Run in serial mode.
[TmSim]: Run in serial mode.
[TmSim]: Run in serial mode.
[TmSim]: Run in serial mode.
[TmSim]: Run in serial mode.
[TmSim]: Run in serial mode.
[TmSim]: Run in serial mode.
[TmSim]: Run in serial mode.
[TmSim]: Run in serial mode.
[TmSim]: Run in serial mode.
[TmSim]: Run in serial mode.
[TmSim]: Run in serial mode.
[TmSim]: Run in serial mode.
[TmSim]: Run in serial mode.
[TmSim]: Run in serial mode.
[TmSim]: Run in serial mode.
[TmSim]: Run in serial mode.
[TmSim]: Run in serial mode.
[TmSim]: Run in serial mode.
[TmSim]: Run in serial mode.
[TmSim]: Run in serial mode.
[TmSim]: Run in serial mode.
[TmSim]: Run in serial mode.
[TmSim]: Run in serial mode.
[TmSim]: Run in serial mode.
[TmSim]: Run in serial mode.
[TmSim]: Run in serial mode.
[TmSim]: Run in serial mode.
[TmSim]: Run in serial mode.
[TmSim]: Run in serial mode.
[TmSim]: Run in serial mode.
[TmSim]: Run in serial mode.
[TmSim]: Run in serial mode.
[TmSim]: Run in serial mode.
[TmSim]: Run in serial mode.
[TmSim]: Run in serial mode.
[TmSim]: Run in serial mode.
[TmSim]: Run in serial mode.
[TmSim]: Run in serial mode.
[TmSim]: Run in serial mode.
[TmSim]: Run in serial mode.
[TmSim]: Run in serial mode.
[SUCCESS][AIC_0][pid 91606] exit success!
[TmSim]: Run in serial mode.
[TmSim]: Run in serial mode.
[TmSim]: Run in serial mode.
[TmSim]: Run in serial mode.
[TmSim]: Run in serial mode.
[SUCCESS][AIV_0][pid 91607] exit success!
[SUCCESS][AIV_1][pid 91608] exit success!
[SUCCESS][AIC_1][pid 91609] exit success!
[SUCCESS][AIV_2][pid 91610] exit success!
[SUCCESS][AIV_3][pid 91611] exit success!
[SUCCESS][AIC_2][pid 91612] exit success!
[SUCCESS][AIV_4][pid 91613] exit success!
[SUCCESS][AIV_5][pid 91614] exit success!
[SUCCESS][AIC_3][pid 91615] exit success!
[SUCCESS][AIV_6][pid 91616] exit success!
[SUCCESS][AIV_7][pid 91617] exit success!
[SUCCESS][AIC_4][pid 91618] exit success!
[SUCCESS][AIV_8][pid 91619] exit success!
[SUCCESS][AIV_9][pid 91620] exit success!
[SUCCESS][AIC_5][pid 91621] exit success!
[SUCCESS][AIV_10][pid 91622] exit success!
[SUCCESS][AIV_11][pid 91623] exit success!
[SUCCESS][AIC_6][pid 91624] exit success!
[SUCCESS][AIV_12][pid 91625] exit success!
[SUCCESS][AIV_13][pid 91626] exit success!
[SUCCESS][AIC_7][pid 91627] exit success!
[SUCCESS][AIV_14][pid 91628] exit success!
[SUCCESS][AIV_15][pid 91629] exit success!
[SUCCESS][AIC_8][pid 91630] exit success!
[SUCCESS][AIV_16][pid 91631] exit success!
[SUCCESS][AIV_17][pid 91632] exit success!
[SUCCESS][AIC_9][pid 91633] exit success!
[SUCCESS][AIV_18][pid 91634] exit success!
[SUCCESS][AIV_19][pid 91635] exit success!
[SUCCESS][AIC_10][pid 91636] exit success!
[SUCCESS][AIV_20][pid 91637] exit success!
[SUCCESS][AIV_21][pid 91638] exit success!
[SUCCESS][AIC_11][pid 91639] exit success!
[SUCCESS][AIV_22][pid 91640] exit success!
[SUCCESS][AIV_23][pid 91641] exit success!
[SUCCESS][AIC_12][pid 91642] exit success!
[SUCCESS][AIV_24][pid 91643] exit success!
[SUCCESS][AIV_25][pid 91644] exit success!
[SUCCESS][AIC_13][pid 91645] exit success!
[SUCCESS][AIV_26][pid 91646] exit success!
[SUCCESS][AIV_27][pid 91647] exit success!
[SUCCESS][AIC_14][pid 91648] exit success!
[SUCCESS][AIV_28][pid 91649] exit success!
[SUCCESS][AIV_29][pid 91650] exit success!
[SUCCESS][AIC_15][pid 91651] exit success!
[SUCCESS][AIV_30][pid 91652] exit success!
[SUCCESS][AIV_31][pid 91653] exit success!
[SUCCESS][AIC_16][pid 91654] exit success!
[SUCCESS][AIV_32][pid 91655] exit success!
[SUCCESS][AIV_33][pid 91656] exit success!
[SUCCESS][AIC_17][pid 91657] exit success!
[SUCCESS][AIV_34][pid 91658] exit success!
[SUCCESS][AIV_35][pid 91659] exit success!
[SUCCESS][AIC_18][pid 91660] exit success!
[SUCCESS][AIV_36][pid 91661] exit success!
[SUCCESS][AIV_37][pid 91662] exit success!
[SUCCESS][AIC_19][pid 91663] exit success!
[SUCCESS][AIV_38][pid 91664] exit success!
[SUCCESS][AIV_39][pid 91665] exit success!
splits=20 empty_segments=56
[TmSim]: Run in serial mode.
[TmSim]: Run in serial mode.
[SUCCESS][CORE_0][pid 91666] exit success!
[SUCCESS][CORE_1][pid 91667] exit success!
[TmSim]: Run in serial mode.
[SUCCESS][CORE_2][pid 91668] exit success!
[TmSim]: Run in serial mode.
[SUCCESS][CORE_3][pid 91669] exit success!
max_abs=2.38419e-07 file=/home/sunao2000.linux/gpt_new_oscar/artifacts/cv_cpu_cases/d64_q4_c0_s20/expected_output.bin
max_abs=2.38419e-07 file=/home/sunao2000.linux/gpt_new_oscar/artifacts/cv_cpu_cases/d64_q4_c0_s20/expected_lse.bin
{"backend":"ascendc_cpu_debug","op":"attention_cv","status":"passed"}
RESULT {"phase": "012-attention_cv", "command": ["/home/sunao2000.linux/gpt_new_oscar/build/cpu/oscar_cv_cpu", "attention_cv", "/home/sunao2000.linux/gpt_new_oscar/artifacts/cv_cpu_cases/d64_q4_c0_s20"], "returncode": 0, "elapsed_seconds": 1.645604, "timed_out": false, "interrupted": false, "log": "/home/sunao2000.linux/gpt_new_oscar/logs/vm-cv/012-attention_cv.log", "cleanup_complete": true}
