START phase=014-attention_cv cwd=/home/sunao2000.linux/gpt_new_oscar command=["/home/sunao2000.linux/gpt_new_oscar/build/cpu/oscar_cv_cpu", "attention_cv", "/home/sunao2000.linux/gpt_new_oscar/artifacts/cv_cpu_cases/d64_mixed_q1q4"]
[TmSim]: Run in serial mode.
[TmSim]: Run in serial mode.
[TmSim]: Run in serial mode.
[TmSim]: Run in serial mode.
[SUCCESS][CORE_0][pid 110828] exit success!
[SUCCESS][CORE_1][pid 110829] exit success!
[SUCCESS][CORE_2][pid 110830] exit success!
[SUCCESS][CORE_3][pid 110831] exit success!
[TmSim]: Run in serial mode.
[TmSim]: Run in serial mode.
[TmSim]: Run in serial mode.
[TmSim]: Run in serial mode.
[SUCCESS][CORE_0][pid 110832] exit success!
[SUCCESS][CORE_1][pid 110833] exit success!
[SUCCESS][CORE_2][pid 110834] exit success!
[SUCCESS][CORE_3][pid 110835] exit success!
metadata padded request and changed-slot cases passed
[TmSim]: Run in serial mode.
[TmSim]: Run in serial mode.
[TmSim]: Run in serial mode.
[SUCCESS][CORE_0][pid 110836] exit success!
[TmSim]: Run in serial mode.
[SUCCESS][CORE_1][pid 110837] exit success!
[SUCCESS][CORE_2][pid 110838] exit success!
[SUCCESS][CORE_3][pid 110839] exit success!
[TmSim]: Run in serial mode.
[TmSim]: Run in serial mode.
[TmSim]: Run in serial mode.
[TmSim]: Run in serial mode.
[SUCCESS][CORE_0][pid 110840] exit success!
[SUCCESS][CORE_1][pid 110841] exit success!
[SUCCESS][CORE_2][pid 110842] exit success!
[SUCCESS][CORE_3][pid 110843] exit success!
[TmSim]: Run in serial mode.
[TmSim]: Run in serial mode.
[TmSim]: Run in serial mode.
[TmSim]: Run in serial mode.
[SUCCESS][CORE_0][pid 110844] exit success!
[SUCCESS][CORE_1][pid 110845] exit success!
[SUCCESS][CORE_2][pid 110846] exit success!
[SUCCESS][CORE_3][pid 110847] exit success!
MTP slot-derived context, duplicate and missing page cases passed
[TmSim]: Run in serial mode.
[TmSim]: Run in serial mode.
[TmSim]: Run in serial mode.
[TmSim]: Run in serial mode.
[SUCCESS][CORE_0][pid 110848] exit success!
[SUCCESS][CORE_1][pid 110849] exit success!
[SUCCESS][CORE_2][pid 110850] exit success!
[SUCCESS][CORE_3][pid 110851] exit success!
[TmSim]: Run in serial mode.
[TmSim]: Run in serial mode.
[TmSim]: Run in serial mode.
[TmSim]: Run in serial mode.
[SUCCESS][AIC_0][pid 110852] exit success!
[TmSim]: Run in serial mode.
[TmSim]: Run in serial mode.
[SUCCESS][AIV_0][pid 110853] exit success!
[SUCCESS][AIV_1][pid 110854] exit success!
[SUCCESS][AIC_1][pid 110855] exit success!
[SUCCESS][AIV_2][pid 110856] exit success!
[SUCCESS][AIV_3][pid 110857] exit success!
splits=1 empty_segments=1
[TmSim]: Run in serial mode.
[TmSim]: Run in serial mode.
[TmSim]: Run in serial mode.
[TmSim]: Run in serial mode.
[SUCCESS][CORE_0][pid 110859] exit success!
[SUCCESS][CORE_1][pid 110860] exit success!
[SUCCESS][CORE_2][pid 110861] exit success!
[SUCCESS][CORE_3][pid 110862] exit success!
max_abs=4.17233e-07 file=/home/sunao2000.linux/gpt_new_oscar/artifacts/cv_cpu_cases/d64_mixed_q1q4/expected_output.bin
max_abs=4.76837e-07 file=/home/sunao2000.linux/gpt_new_oscar/artifacts/cv_cpu_cases/d64_mixed_q1q4/expected_lse.bin
{"backend":"ascendc_cpu_debug","op":"attention_cv","status":"passed"}
RESULT {"phase": "014-attention_cv", "command": ["/home/sunao2000.linux/gpt_new_oscar/build/cpu/oscar_cv_cpu", "attention_cv", "/home/sunao2000.linux/gpt_new_oscar/artifacts/cv_cpu_cases/d64_mixed_q1q4"], "returncode": 0, "elapsed_seconds": 1.34136, "timed_out": false, "interrupted": false, "log": "/home/sunao2000.linux/gpt_new_oscar/logs/vm-cv/014-attention_cv.log", "cleanup_complete": true}
