START phase=015-nan_query cwd=/home/sunao2000.linux/gpt_new_oscar command=["/home/sunao2000.linux/gpt_new_oscar/build/cpu/oscar_cv_cpu", "nan_query", "/home/sunao2000.linux/gpt_new_oscar/artifacts/cv_cpu_cases/d64_q4_c65"]
[TmSim]: Run in serial mode.
[TmSim]: Run in serial mode.
[SUCCESS][CORE_0][pid 100993] exit success!
[TmSim]: Run in serial mode.
[SUCCESS][CORE_1][pid 100994] exit success!
[TmSim]: Run in serial mode.
[SUCCESS][CORE_2][pid 100995] exit success!
[SUCCESS][CORE_3][pid 100996] exit success!
[TmSim]: Run in serial mode.
[TmSim]: Run in serial mode.
[TmSim]: Run in serial mode.
[TmSim]: Run in serial mode.
[SUCCESS][CORE_0][pid 100997] exit success!
[SUCCESS][CORE_1][pid 100998] exit success!
[SUCCESS][CORE_2][pid 100999] exit success!
[SUCCESS][CORE_3][pid 101000] exit success!
metadata padded request and changed-slot cases passed
[TmSim]: Run in serial mode.
[TmSim]: Run in serial mode.
[TmSim]: Run in serial mode.
[TmSim]: Run in serial mode.
[SUCCESS][CORE_0][pid 101001] exit success!
[SUCCESS][CORE_1][pid 101002] exit success!
[SUCCESS][CORE_2][pid 101003] exit success!
[SUCCESS][CORE_3][pid 101004] exit success!
[TmSim]: Run in serial mode.
[TmSim]: Run in serial mode.
[TmSim]: Run in serial mode.
[SUCCESS][CORE_0][pid 101005] exit success!
[TmSim]: Run in serial mode.
[SUCCESS][CORE_1][pid 101006] exit success!
[SUCCESS][CORE_2][pid 101007] exit success!
[SUCCESS][CORE_3][pid 101008] exit success!
[TmSim]: Run in serial mode.
[TmSim]: Run in serial mode.
[TmSim]: Run in serial mode.
[TmSim]: Run in serial mode.
[SUCCESS][CORE_0][pid 101009] exit success!
[SUCCESS][CORE_1][pid 101010] exit success!
[SUCCESS][CORE_2][pid 101011] exit success!
[SUCCESS][CORE_3][pid 101012] exit success!
MTP slot-derived context, duplicate and missing page cases passed
[TmSim]: Run in serial mode.
[TmSim]: Run in serial mode.
[SUCCESS][CORE_0][pid 101013] exit success!
[SUCCESS][CORE_1][pid 101014] exit success!
[TmSim]: Run in serial mode.
[TmSim]: Run in serial mode.
[SUCCESS][CORE_2][pid 101015] exit success!
[SUCCESS][CORE_3][pid 101016] exit success!
[TmSim]: Run in serial mode.
[TmSim]: Run in serial mode.
[TmSim]: Run in serial mode.
[TmSim]: Run in serial mode.
[SUCCESS][AIC_0][pid 101017] exit success!
[TmSim]: Run in serial mode.
[TmSim]: Run in serial mode.
[SUCCESS][AIV_0][pid 101018] exit success!
[SUCCESS][AIV_1][pid 101019] exit success!
[SUCCESS][AIC_1][pid 101020] exit success!
[SUCCESS][AIV_2][pid 101021] exit success!
[SUCCESS][AIV_3][pid 101022] exit success!
{"backend":"ascendc_cpu_debug","op":"nan_query","status":"passed"}
RESULT {"phase": "015-nan_query", "command": ["/home/sunao2000.linux/gpt_new_oscar/build/cpu/oscar_cv_cpu", "nan_query", "/home/sunao2000.linux/gpt_new_oscar/artifacts/cv_cpu_cases/d64_q4_c65"], "returncode": 0, "elapsed_seconds": 1.018807, "timed_out": false, "interrupted": false, "log": "/home/sunao2000.linux/gpt_new_oscar/logs/vm-cv/015-nan_query.log", "cleanup_complete": true}
