START phase=015-attention_cv cwd=/home/sunao2000.linux/gpt_new_oscar command=["/home/sunao2000.linux/gpt_new_oscar/build/cpu/oscar_cv_cpu", "attention_cv", "/home/sunao2000.linux/gpt_new_oscar/artifacts/cv_cpu_cases/d256_q4_c511_s20"]
[TmSim]: Run in serial mode.
[TmSim]: Run in serial mode.
[TmSim]: Run in serial mode.
[TmSim]: Run in serial mode.
[SUCCESS][CORE_0][pid 114527] exit success!
[SUCCESS][CORE_1][pid 114528] exit success!
[SUCCESS][CORE_2][pid 114529] exit success!
[SUCCESS][CORE_3][pid 114530] exit success!
[TmSim]: Run in serial mode.
[TmSim]: Run in serial mode.
[TmSim]: Run in serial mode.
[TmSim]: Run in serial mode.
[SUCCESS][CORE_0][pid 114531] exit success!
[SUCCESS][CORE_1][pid 114532] exit success!
[SUCCESS][CORE_2][pid 114533] exit success!
[SUCCESS][CORE_3][pid 114534] exit success!
metadata padded request and changed-slot cases passed
[TmSim]: Run in serial mode.
[TmSim]: Run in serial mode.
[TmSim]: Run in serial mode.
[SUCCESS][CORE_0][pid 114535] exit success!
[TmSim]: Run in serial mode.
[SUCCESS][CORE_1][pid 114536] exit success!
[SUCCESS][CORE_2][pid 114537] exit success!
[SUCCESS][CORE_3][pid 114538] exit success!
[TmSim]: Run in serial mode.
[TmSim]: Run in serial mode.
[TmSim]: Run in serial mode.
[TmSim]: Run in serial mode.
[SUCCESS][CORE_0][pid 114539] exit success!
[SUCCESS][CORE_1][pid 114540] exit success!
[SUCCESS][CORE_2][pid 114541] exit success!
[SUCCESS][CORE_3][pid 114542] exit success!
[TmSim]: Run in serial mode.
[TmSim]: Run in serial mode.
[TmSim]: Run in serial mode.
[TmSim]: Run in serial mode.
[SUCCESS][CORE_0][pid 114543] exit success!
[SUCCESS][CORE_1][pid 114544] exit success!
[SUCCESS][CORE_2][pid 114545] exit success!
[SUCCESS][CORE_3][pid 114546] exit success!
MTP slot-derived context, duplicate and missing page cases passed
[TmSim]: Run in serial mode.
[TmSim]: Run in serial mode.
[TmSim]: Run in serial mode.
[TmSim]: Run in serial mode.
[SUCCESS][CORE_0][pid 114547] exit success!
[SUCCESS][CORE_1][pid 114548] exit success!
[SUCCESS][CORE_2][pid 114549] exit success!
[SUCCESS][CORE_3][pid 114550] exit success!
[TmSim]: Run in serial mode.
[TmSim]: Run in serial mode.
[TmSim]: Run in serial mode.
[TmSim]: Run in serial mode.
[TmSim]: Run in serial mode.
[TmSim]: Run in serial mode.
[TmSim]: Run in serial mode.
[TmSim]: Run in serial mode.
[TmSim]: Run in serial mode.
[TmSim]: Run in serial mode.
[TmSim]: Run in serial mode.
[TmSim]: Run in serial mode.
[TmSim]: Run in serial mode.
[TmSim]: Run in serial mode.
[TmSim]: Run in serial mode.
[TmSim]: Run in serial mode.
[TmSim]: Run in serial mode.
[TmSim]: Run in serial mode.
[TmSim]: Run in serial mode.
[TmSim]: Run in serial mode.
[TmSim]: Run in serial mode.
[TmSim]: Run in serial mode.
[TmSim]: Run in serial mode.
[TmSim]: Run in serial mode.
[TmSim]: Run in serial mode.
[TmSim]: Run in serial mode.
[TmSim]: Run in serial mode.
[TmSim]: Run in serial mode.
[TmSim]: Run in serial mode.
[TmSim]: Run in serial mode.
[TmSim]: Run in serial mode.
[TmSim]: Run in serial mode.
[TmSim]: Run in serial mode.
[TmSim]: Run in serial mode.
[TmSim]: Run in serial mode.
[TmSim]: Run in serial mode.
[TmSim]: Run in serial mode.
[TmSim]: Run in serial mode.
[TmSim]: Run in serial mode.
[TmSim]: Run in serial mode.
[TmSim]: Run in serial mode.
[TmSim]: Run in serial mode.
[TmSim]: Run in serial mode.
[TmSim]: Run in serial mode.
[TmSim]: Run in serial mode.
[TmSim]: Run in serial mode.
[TmSim]: Run in serial mode.
[TmSim]: Run in serial mode.
[TmSim]: Run in serial mode.
[SUCCESS][AIC_0][pid 114551] exit success!
[TmSim]: Run in serial mode.
[TmSim]: Run in serial mode.
[TmSim]: Run in serial mode.
[TmSim]: Run in serial mode.
[TmSim]: Run in serial mode.
[TmSim]: Run in serial mode.
[TmSim]: Run in serial mode.
[TmSim]: Run in serial mode.
[TmSim]: Run in serial mode.
[TmSim]: Run in serial mode.
[SUCCESS][AIV_0][pid 114552] exit success!
[SUCCESS][AIV_1][pid 114553] exit success!
[SUCCESS][AIC_1][pid 114554] exit success!
[SUCCESS][AIV_2][pid 114555] exit success!
[SUCCESS][AIV_3][pid 114556] exit success!
[SUCCESS][AIC_2][pid 114557] exit success!
[TmSim]: Run in serial mode.
[SUCCESS][AIV_4][pid 114558] exit success!
[SUCCESS][AIV_5][pid 114559] exit success!
[SUCCESS][AIC_3][pid 114560] exit success!
[SUCCESS][AIV_6][pid 114561] exit success!
[SUCCESS][AIV_7][pid 114562] exit success!
[SUCCESS][AIC_4][pid 114563] exit success!
[SUCCESS][AIV_8][pid 114564] exit success!
[SUCCESS][AIV_9][pid 114565] exit success!
[SUCCESS][AIC_5][pid 114566] exit success!
[SUCCESS][AIV_10][pid 114567] exit success!
[SUCCESS][AIV_11][pid 114568] exit success!
[SUCCESS][AIC_6][pid 114569] exit success!
[SUCCESS][AIV_12][pid 114570] exit success!
[SUCCESS][AIV_13][pid 114571] exit success!
[SUCCESS][AIC_7][pid 114572] exit success!
[SUCCESS][AIV_14][pid 114573] exit success!
[SUCCESS][AIV_15][pid 114574] exit success!
[SUCCESS][AIC_8][pid 114575] exit success!
[SUCCESS][AIV_16][pid 114576] exit success!
[SUCCESS][AIV_17][pid 114577] exit success!
[SUCCESS][AIC_9][pid 114578] exit success!
[SUCCESS][AIV_18][pid 114579] exit success!
[SUCCESS][AIV_19][pid 114580] exit success!
[SUCCESS][AIC_10][pid 114581] exit success!
[SUCCESS][AIV_20][pid 114582] exit success!
[SUCCESS][AIV_21][pid 114583] exit success!
[SUCCESS][AIC_11][pid 114584] exit success!
[SUCCESS][AIV_22][pid 114585] exit success!
[SUCCESS][AIV_23][pid 114586] exit success!
[SUCCESS][AIC_12][pid 114587] exit success!
[SUCCESS][AIV_24][pid 114588] exit success!
[SUCCESS][AIV_25][pid 114589] exit success!
[SUCCESS][AIC_13][pid 114590] exit success!
[SUCCESS][AIV_26][pid 114591] exit success!
[SUCCESS][AIV_27][pid 114592] exit success!
[SUCCESS][AIC_14][pid 114593] exit success!
[SUCCESS][AIV_28][pid 114594] exit success!
[SUCCESS][AIV_29][pid 114595] exit success!
[SUCCESS][AIC_15][pid 114596] exit success!
[SUCCESS][AIV_30][pid 114597] exit success!
[SUCCESS][AIV_31][pid 114598] exit success!
[SUCCESS][AIC_16][pid 114599] exit success!
[SUCCESS][AIV_32][pid 114600] exit success!
[SUCCESS][AIV_33][pid 114601] exit success!
[SUCCESS][AIC_17][pid 114602] exit success!
[SUCCESS][AIV_34][pid 114603] exit success!
[SUCCESS][AIV_35][pid 114604] exit success!
[SUCCESS][AIC_18][pid 114605] exit success!
[SUCCESS][AIV_36][pid 114606] exit success!
[SUCCESS][AIV_37][pid 114607] exit success!
[SUCCESS][AIC_19][pid 114608] exit success!
[SUCCESS][AIV_38][pid 114609] exit success!
[SUCCESS][AIV_39][pid 114610] exit success!
splits=20 empty_segments=18
[TmSim]: Run in serial mode.
[TmSim]: Run in serial mode.
[TmSim]: Run in serial mode.
[TmSim]: Run in serial mode.
[SUCCESS][CORE_0][pid 114613] exit success!
[SUCCESS][CORE_1][pid 114614] exit success!
[SUCCESS][CORE_2][pid 114615] exit success!
[SUCCESS][CORE_3][pid 114616] exit success!
max_abs=8.9407e-07 file=/home/sunao2000.linux/gpt_new_oscar/artifacts/cv_cpu_cases/d256_q4_c511_s20/expected_output.bin
max_abs=4.76837e-07 file=/home/sunao2000.linux/gpt_new_oscar/artifacts/cv_cpu_cases/d256_q4_c511_s20/expected_lse.bin
{"backend":"ascendc_cpu_debug","op":"attention_cv","status":"passed"}
RESULT {"phase": "015-attention_cv", "command": ["/home/sunao2000.linux/gpt_new_oscar/build/cpu/oscar_cv_cpu", "attention_cv", "/home/sunao2000.linux/gpt_new_oscar/artifacts/cv_cpu_cases/d256_q4_c511_s20"], "returncode": 0, "elapsed_seconds": 6.447976, "timed_out": false, "interrupted": false, "log": "/home/sunao2000.linux/gpt_new_oscar/logs/vm-cv/015-attention_cv.log", "cleanup_complete": true}
