START phase=016-bad_meta cwd=/home/sunao2000.linux/gpt_new_oscar command=["/home/sunao2000.linux/gpt_new_oscar/build/cpu/oscar_cv_cpu", "bad_meta", "/home/sunao2000.linux/gpt_new_oscar/artifacts/cv_cpu_cases/d64_q4_c65"]
[TmSim]: Run in serial mode.
[TmSim]: Run in serial mode.
[TmSim]: Run in serial mode.
[TmSim]: Run in serial mode.
[SUCCESS][CORE_0][pid 91770] exit success!
[SUCCESS][CORE_1][pid 91771] exit success!
[SUCCESS][CORE_2][pid 91772] exit success!
[SUCCESS][CORE_3][pid 91773] exit success!
[TmSim]: Run in serial mode.
[TmSim]: Run in serial mode.
[TmSim]: Run in serial mode.
[TmSim]: Run in serial mode.
[SUCCESS][CORE_0][pid 91774] exit success!
[SUCCESS][CORE_1][pid 91775] exit success!
[SUCCESS][CORE_2][pid 91776] exit success!
[SUCCESS][CORE_3][pid 91777] exit success!
metadata padded request and changed-slot cases passed
[TmSim]: Run in serial mode.
[TmSim]: Run in serial mode.
[TmSim]: Run in serial mode.
[TmSim]: Run in serial mode.
[SUCCESS][CORE_0][pid 91778] exit success!
[SUCCESS][CORE_1][pid 91779] exit success!
[SUCCESS][CORE_2][pid 91780] exit success!
[SUCCESS][CORE_3][pid 91781] exit success!
[TmSim]: Run in serial mode.
[TmSim]: Run in serial mode.
[TmSim]: Run in serial mode.
[TmSim]: Run in serial mode.
[SUCCESS][CORE_0][pid 91782] exit success!
[SUCCESS][CORE_1][pid 91783] exit success!
[SUCCESS][CORE_2][pid 91784] exit success!
[SUCCESS][CORE_3][pid 91785] exit success!
[TmSim]: Run in serial mode.
[TmSim]: Run in serial mode.
[TmSim]: Run in serial mode.
[TmSim]: Run in serial mode.
[SUCCESS][CORE_0][pid 91786] exit success!
[SUCCESS][CORE_1][pid 91787] exit success!
[SUCCESS][CORE_2][pid 91788] exit success!
[SUCCESS][CORE_3][pid 91789] exit success!
MTP slot-derived context, duplicate and missing page cases passed
[TmSim]: Run in serial mode.
[TmSim]: Run in serial mode.
[TmSim]: Run in serial mode.
[TmSim]: Run in serial mode.
[SUCCESS][CORE_0][pid 91790] exit success!
[SUCCESS][CORE_1][pid 91791] exit success!
[SUCCESS][CORE_2][pid 91792] exit success!
[SUCCESS][CORE_3][pid 91793] exit success!
[TmSim]: Run in serial mode.
[TmSim]: Run in serial mode.
[TmSim]: Run in serial mode.
[TmSim]: Run in serial mode.
[SUCCESS][AIC_0][pid 91794] exit success!
[TmSim]: Run in serial mode.
[TmSim]: Run in serial mode.
[SUCCESS][AIV_0][pid 91795] exit success!
[SUCCESS][AIV_1][pid 91796] exit success!
[SUCCESS][AIC_1][pid 91797] exit success!
[SUCCESS][AIV_2][pid 91798] exit success!
[SUCCESS][AIV_3][pid 91799] exit success!
{"backend":"ascendc_cpu_debug","op":"bad_meta","status":"passed"}
RESULT {"phase": "016-bad_meta", "command": ["/home/sunao2000.linux/gpt_new_oscar/build/cpu/oscar_cv_cpu", "bad_meta", "/home/sunao2000.linux/gpt_new_oscar/artifacts/cv_cpu_cases/d64_q4_c65"], "returncode": 0, "elapsed_seconds": 1.023423, "timed_out": false, "interrupted": false, "log": "/home/sunao2000.linux/gpt_new_oscar/logs/vm-cv/016-bad_meta.log", "cleanup_complete": true}
