START phase=016-attention_cv cwd=/home/sunao2000.linux/gpt_new_oscar command=["/home/sunao2000.linux/gpt_new_oscar/build/cpu/oscar_cv_cpu", "attention_cv", "/home/sunao2000.linux/gpt_new_oscar/artifacts/cv_cpu_cases/d64_q4_c0_s20"]
[TmSim]: Run in serial mode.
[TmSim]: Run in serial mode.
[TmSim]: Run in serial mode.
[SUCCESS][CORE_0][pid 127490] exit success!
[SUCCESS][CORE_1][pid 127491] exit success!
[SUCCESS][CORE_2][pid 127492] exit success!
[TmSim]: Run in serial mode.
[SUCCESS][CORE_3][pid 127493] exit success!
[TmSim]: Run in serial mode.
[TmSim]: Run in serial mode.
[TmSim]: Run in serial mode.
[TmSim]: Run in serial mode.
[SUCCESS][CORE_0][pid 127494] exit success!
[SUCCESS][CORE_1][pid 127495] exit success!
[SUCCESS][CORE_2][pid 127496] exit success!
[SUCCESS][CORE_3][pid 127497] exit success!
metadata padded request and changed-slot cases passed
[TmSim]: Run in serial mode.
[TmSim]: Run in serial mode.
[TmSim]: Run in serial mode.
[TmSim]: Run in serial mode.
[SUCCESS][CORE_0][pid 127498] exit success!
[SUCCESS][CORE_1][pid 127499] exit success!
[SUCCESS][CORE_2][pid 127500] exit success!
[SUCCESS][CORE_3][pid 127501] exit success!
[TmSim]: Run in serial mode.
[TmSim]: Run in serial mode.
[TmSim]: Run in serial mode.
[SUCCESS][CORE_0][pid 127502] exit success!
[TmSim]: Run in serial mode.
[SUCCESS][CORE_1][pid 127503] exit success!
[SUCCESS][CORE_2][pid 127504] exit success!
[SUCCESS][CORE_3][pid 127505] exit success!
[TmSim]: Run in serial mode.
[TmSim]: Run in serial mode.
[TmSim]: Run in serial mode.
[TmSim]: Run in serial mode.
[SUCCESS][CORE_0][pid 127506] exit success!
[SUCCESS][CORE_1][pid 127507] exit success!
[SUCCESS][CORE_2][pid 127508] exit success!
[SUCCESS][CORE_3][pid 127509] exit success!
MTP slot-derived context, duplicate and missing page cases passed
[TmSim]: Run in serial mode.
[TmSim]: Run in serial mode.
[TmSim]: Run in serial mode.
[SUCCESS][CORE_0][pid 127510] exit success!
[SUCCESS][CORE_1][pid 127511] exit success!
[SUCCESS][CORE_2][pid 127512] exit success!
[TmSim]: Run in serial mode.
[SUCCESS][CORE_3][pid 127513] exit success!
[TmSim]: Run in serial mode.
[TmSim]: Run in serial mode.
[TmSim]: Run in serial mode.
[TmSim]: Run in serial mode.
[TmSim]: Run in serial mode.
[TmSim]: Run in serial mode.
[TmSim]: Run in serial mode.
[TmSim]: Run in serial mode.
[TmSim]: Run in serial mode.
[TmSim]: Run in serial mode.
[TmSim]: Run in serial mode.
[TmSim]: Run in serial mode.
[TmSim]: Run in serial mode.
[TmSim]: Run in serial mode.
[TmSim]: Run in serial mode.
[TmSim]: Run in serial mode.
[TmSim]: Run in serial mode.
[TmSim]: Run in serial mode.
[TmSim]: Run in serial mode.
[TmSim]: Run in serial mode.
[TmSim]: Run in serial mode.
[TmSim]: Run in serial mode.
[TmSim]: Run in serial mode.
[TmSim]: Run in serial mode.
[TmSim]: Run in serial mode.
[TmSim]: Run in serial mode.
[TmSim]: Run in serial mode.
[TmSim]: Run in serial mode.
[TmSim]: Run in serial mode.
[TmSim]: Run in serial mode.
[TmSim]: Run in serial mode.
[TmSim]: Run in serial mode.
[TmSim]: Run in serial mode.
[TmSim]: Run in serial mode.
[TmSim]: Run in serial mode.
[TmSim]: Run in serial mode.
[TmSim]: Run in serial mode.
[TmSim]: Run in serial mode.
[TmSim]: Run in serial mode.
[TmSim]: Run in serial mode.
[TmSim]: Run in serial mode.
[TmSim]: Run in serial mode.
[TmSim]: Run in serial mode.
[TmSim]: Run in serial mode.
[TmSim]: Run in serial mode.
[SUCCESS][AIC_0][pid 127514] exit success!
[TmSim]: Run in serial mode.
[TmSim]: Run in serial mode.
[TmSim]: Run in serial mode.
[TmSim]: Run in serial mode.
[TmSim]: Run in serial mode.
[TmSim]: Run in serial mode.
[TmSim]: Run in serial mode.
[TmSim]: Run in serial mode.
[TmSim]: Run in serial mode.
[TmSim]: Run in serial mode.
[TmSim]: Run in serial mode.
[TmSim]: Run in serial mode.
[SUCCESS][AIV_0][pid 127515] exit success!
[SUCCESS][AIV_1][pid 127516] exit success!
[SUCCESS][AIC_1][pid 127517] exit success!
[TmSim]: Run in serial mode.
[TmSim]: Run in serial mode.
[SUCCESS][AIV_2][pid 127518] exit success!
[SUCCESS][AIV_3][pid 127519] exit success!
[SUCCESS][AIC_2][pid 127520] exit success!
[SUCCESS][AIV_4][pid 127521] exit success!
[SUCCESS][AIV_5][pid 127522] exit success!
[SUCCESS][AIC_3][pid 127523] exit success!
[TmSim]: Run in serial mode.
[SUCCESS][AIV_6][pid 127524] exit success!
[SUCCESS][AIV_7][pid 127525] exit success!
[SUCCESS][AIC_4][pid 127526] exit success!
[SUCCESS][AIV_8][pid 127527] exit success!
[SUCCESS][AIV_9][pid 127528] exit success!
[SUCCESS][AIC_5][pid 127529] exit success!
[SUCCESS][AIV_10][pid 127530] exit success!
[SUCCESS][AIV_11][pid 127531] exit success!
[SUCCESS][AIC_6][pid 127532] exit success!
[SUCCESS][AIV_12][pid 127533] exit success!
[SUCCESS][AIV_13][pid 127534] exit success!
[SUCCESS][AIC_7][pid 127535] exit success!
[SUCCESS][AIV_14][pid 127536] exit success!
[SUCCESS][AIV_15][pid 127537] exit success!
[SUCCESS][AIC_8][pid 127538] exit success!
[SUCCESS][AIV_16][pid 127539] exit success!
[SUCCESS][AIV_17][pid 127540] exit success!
[SUCCESS][AIC_9][pid 127541] exit success!
[SUCCESS][AIV_18][pid 127542] exit success!
[SUCCESS][AIV_19][pid 127543] exit success!
[SUCCESS][AIC_10][pid 127544] exit success!
[SUCCESS][AIV_20][pid 127545] exit success!
[SUCCESS][AIV_21][pid 127546] exit success!
[SUCCESS][AIC_11][pid 127547] exit success!
[SUCCESS][AIV_22][pid 127548] exit success!
[SUCCESS][AIV_23][pid 127549] exit success!
[SUCCESS][AIC_12][pid 127550] exit success!
[SUCCESS][AIV_24][pid 127551] exit success!
[SUCCESS][AIV_25][pid 127552] exit success!
[SUCCESS][AIC_13][pid 127553] exit success!
[SUCCESS][AIV_26][pid 127554] exit success!
[SUCCESS][AIV_27][pid 127555] exit success!
[SUCCESS][AIC_14][pid 127556] exit success!
[SUCCESS][AIV_28][pid 127557] exit success!
[SUCCESS][AIV_29][pid 127558] exit success!
[SUCCESS][AIC_15][pid 127559] exit success!
[SUCCESS][AIV_30][pid 127560] exit success!
[SUCCESS][AIV_31][pid 127561] exit success!
[SUCCESS][AIC_16][pid 127562] exit success!
[SUCCESS][AIV_32][pid 127563] exit success!
[SUCCESS][AIV_33][pid 127564] exit success!
[SUCCESS][AIC_17][pid 127565] exit success!
[SUCCESS][AIV_34][pid 127566] exit success!
[SUCCESS][AIV_35][pid 127567] exit success!
[SUCCESS][AIC_18][pid 127568] exit success!
[SUCCESS][AIV_36][pid 127569] exit success!
[SUCCESS][AIV_37][pid 127570] exit success!
[SUCCESS][AIC_19][pid 127571] exit success!
[SUCCESS][AIV_38][pid 127572] exit success!
[SUCCESS][AIV_39][pid 127573] exit success!
splits=20 empty_segments=56
[TmSim]: Run in serial mode.
[TmSim]: Run in serial mode.
[SUCCESS][CORE_0][pid 127574] exit success!
[TmSim]: Run in serial mode.
[SUCCESS][CORE_1][pid 127575] exit success!
[TmSim]: Run in serial mode.
[SUCCESS][CORE_2][pid 127576] exit success!
[SUCCESS][CORE_3][pid 127577] exit success!
max_abs=2.38419e-07 file=/home/sunao2000.linux/gpt_new_oscar/artifacts/cv_cpu_cases/d64_q4_c0_s20/expected_output.bin
max_abs=2.38419e-07 file=/home/sunao2000.linux/gpt_new_oscar/artifacts/cv_cpu_cases/d64_q4_c0_s20/expected_lse.bin
{"backend":"ascendc_cpu_debug","op":"attention_cv","status":"passed"}
RESULT {"phase": "016-attention_cv", "command": ["/home/sunao2000.linux/gpt_new_oscar/build/cpu/oscar_cv_cpu", "attention_cv", "/home/sunao2000.linux/gpt_new_oscar/artifacts/cv_cpu_cases/d64_q4_c0_s20"], "returncode": 0, "elapsed_seconds": 1.338376, "timed_out": false, "interrupted": false, "log": "/home/sunao2000.linux/gpt_new_oscar/logs/vm-cv/016-attention_cv.log", "cleanup_complete": true}
