START phase=016-nan_query cwd=/home/sunao2000.linux/gpt_new_oscar command=["/home/sunao2000.linux/gpt_new_oscar/build/cpu/oscar_cv_cpu", "nan_query", "/home/sunao2000.linux/gpt_new_oscar/artifacts/cv_cpu_cases/d64_q4_c65"]
[TmSim]: Run in serial mode.
[TmSim]: Run in serial mode.
[TmSim]: Run in serial mode.
[TmSim]: Run in serial mode.
[SUCCESS][CORE_0][pid 110897] exit success!
[SUCCESS][CORE_1][pid 110898] exit success!
[SUCCESS][CORE_2][pid 110899] exit success!
[SUCCESS][CORE_3][pid 110900] exit success!
[TmSim]: Run in serial mode.
[TmSim]: Run in serial mode.
[TmSim]: Run in serial mode.
[TmSim]: Run in serial mode.
[SUCCESS][CORE_0][pid 110901] exit success!
[SUCCESS][CORE_1][pid 110902] exit success!
[SUCCESS][CORE_2][pid 110903] exit success!
[SUCCESS][CORE_3][pid 110904] exit success!
metadata padded request and changed-slot cases passed
[TmSim]: Run in serial mode.
[TmSim]: Run in serial mode.
[TmSim]: Run in serial mode.
[TmSim]: Run in serial mode.
[SUCCESS][CORE_0][pid 110905] exit success!
[SUCCESS][CORE_1][pid 110906] exit success!
[SUCCESS][CORE_2][pid 110907] exit success!
[SUCCESS][CORE_3][pid 110908] exit success!
[TmSim]: Run in serial mode.
[TmSim]: Run in serial mode.
[TmSim]: Run in serial mode.
[TmSim]: Run in serial mode.
[SUCCESS][CORE_0][pid 110909] exit success!
[SUCCESS][CORE_1][pid 110910] exit success!
[SUCCESS][CORE_2][pid 110911] exit success!
[SUCCESS][CORE_3][pid 110912] exit success!
[TmSim]: Run in serial mode.
[TmSim]: Run in serial mode.
[SUCCESS][CORE_0][pid 110913] exit success!
[TmSim]: Run in serial mode.
[TmSim]: Run in serial mode.
[SUCCESS][CORE_1][pid 110914] exit success!
[SUCCESS][CORE_2][pid 110915] exit success!
[SUCCESS][CORE_3][pid 110916] exit success!
MTP slot-derived context, duplicate and missing page cases passed
[TmSim]: Run in serial mode.
[TmSim]: Run in serial mode.
[TmSim]: Run in serial mode.
[TmSim]: Run in serial mode.
[SUCCESS][CORE_0][pid 110917] exit success!
[SUCCESS][CORE_1][pid 110918] exit success!
[SUCCESS][CORE_2][pid 110919] exit success!
[SUCCESS][CORE_3][pid 110920] exit success!
[TmSim]: Run in serial mode.
[TmSim]: Run in serial mode.
[TmSim]: Run in serial mode.
[TmSim]: Run in serial mode.
[SUCCESS][AIC_0][pid 110921] exit success!
[TmSim]: Run in serial mode.
[TmSim]: Run in serial mode.
[SUCCESS][AIV_0][pid 110922] exit success!
[SUCCESS][AIV_1][pid 110923] exit success!
[SUCCESS][AIC_1][pid 110924] exit success!
[SUCCESS][AIV_2][pid 110925] exit success!
[SUCCESS][AIV_3][pid 110926] exit success!
{"backend":"ascendc_cpu_debug","op":"nan_query","status":"passed"}
RESULT {"phase": "016-nan_query", "command": ["/home/sunao2000.linux/gpt_new_oscar/build/cpu/oscar_cv_cpu", "nan_query", "/home/sunao2000.linux/gpt_new_oscar/artifacts/cv_cpu_cases/d64_q4_c65"], "returncode": 0, "elapsed_seconds": 1.023717, "timed_out": false, "interrupted": false, "log": "/home/sunao2000.linux/gpt_new_oscar/logs/vm-cv/016-nan_query.log", "cleanup_complete": true}
