START phase=017-bad_meta cwd=/home/sunao2000.linux/gpt_new_oscar command=["/home/sunao2000.linux/gpt_new_oscar/build/cpu/oscar_cv_cpu", "bad_meta", "/home/sunao2000.linux/gpt_new_oscar/artifacts/cv_cpu_cases/d64_q4_c65"]
[TmSim]: Run in serial mode.
[TmSim]: Run in serial mode.
[TmSim]: Run in serial mode.
[TmSim]: Run in serial mode.
[SUCCESS][CORE_0][pid 110930] exit success!
[SUCCESS][CORE_1][pid 110931] exit success!
[SUCCESS][CORE_2][pid 110932] exit success!
[SUCCESS][CORE_3][pid 110933] exit success!
[TmSim]: Run in serial mode.
[TmSim]: Run in serial mode.
[TmSim]: Run in serial mode.
[TmSim]: Run in serial mode.
[SUCCESS][CORE_0][pid 110934] exit success!
[SUCCESS][CORE_1][pid 110935] exit success!
[SUCCESS][CORE_2][pid 110936] exit success!
[SUCCESS][CORE_3][pid 110937] exit success!
metadata padded request and changed-slot cases passed
[TmSim]: Run in serial mode.
[TmSim]: Run in serial mode.
[TmSim]: Run in serial mode.
[TmSim]: Run in serial mode.
[SUCCESS][CORE_0][pid 110938] exit success!
[SUCCESS][CORE_1][pid 110939] exit success!
[SUCCESS][CORE_2][pid 110940] exit success!
[SUCCESS][CORE_3][pid 110941] exit success!
[TmSim]: Run in serial mode.
[TmSim]: Run in serial mode.
[TmSim]: Run in serial mode.
[TmSim]: Run in serial mode.
[SUCCESS][CORE_0][pid 110942] exit success!
[SUCCESS][CORE_1][pid 110943] exit success!
[SUCCESS][CORE_2][pid 110944] exit success!
[SUCCESS][CORE_3][pid 110945] exit success!
[TmSim]: Run in serial mode.
[TmSim]: Run in serial mode.
[TmSim]: Run in serial mode.
[SUCCESS][CORE_0][pid 110946] exit success!
[TmSim]: Run in serial mode.
[SUCCESS][CORE_1][pid 110947] exit success!
[SUCCESS][CORE_2][pid 110948] exit success!
[SUCCESS][CORE_3][pid 110949] exit success!
MTP slot-derived context, duplicate and missing page cases passed
[TmSim]: Run in serial mode.
[TmSim]: Run in serial mode.
[TmSim]: Run in serial mode.
[TmSim]: Run in serial mode.
[SUCCESS][CORE_0][pid 110950] exit success!
[SUCCESS][CORE_1][pid 110951] exit success!
[SUCCESS][CORE_2][pid 110952] exit success!
[SUCCESS][CORE_3][pid 110953] exit success!
[TmSim]: Run in serial mode.
[TmSim]: Run in serial mode.
[TmSim]: Run in serial mode.
[TmSim]: Run in serial mode.
[SUCCESS][AIC_0][pid 110954] exit success!
[TmSim]: Run in serial mode.
[TmSim]: Run in serial mode.
[SUCCESS][AIV_0][pid 110955] exit success!
[SUCCESS][AIV_1][pid 110956] exit success!
[SUCCESS][AIC_1][pid 110957] exit success!
[SUCCESS][AIV_2][pid 110958] exit success!
[SUCCESS][AIV_3][pid 110959] exit success!
{"backend":"ascendc_cpu_debug","op":"bad_meta","status":"passed"}
RESULT {"phase": "017-bad_meta", "command": ["/home/sunao2000.linux/gpt_new_oscar/build/cpu/oscar_cv_cpu", "bad_meta", "/home/sunao2000.linux/gpt_new_oscar/artifacts/cv_cpu_cases/d64_q4_c65"], "returncode": 0, "elapsed_seconds": 1.024881, "timed_out": false, "interrupted": false, "log": "/home/sunao2000.linux/gpt_new_oscar/logs/vm-cv/017-bad_meta.log", "cleanup_complete": true}
