START phase=017-nan_value cwd=/home/sunao2000.linux/gpt_new_oscar command=["/home/sunao2000.linux/gpt_new_oscar/build/cpu/oscar_cv_cpu", "nan_value", "/home/sunao2000.linux/gpt_new_oscar/artifacts/cv_cpu_cases/d64_q4_c65"]
[TmSim]: Run in serial mode.
[TmSim]: Run in serial mode.
[TmSim]: Run in serial mode.
[TmSim]: Run in serial mode.
[SUCCESS][CORE_0][pid 91801] exit success!
[SUCCESS][CORE_1][pid 91802] exit success!
[SUCCESS][CORE_2][pid 91803] exit success!
[SUCCESS][CORE_3][pid 91804] exit success!
[TmSim]: Run in serial mode.
[TmSim]: Run in serial mode.
[TmSim]: Run in serial mode.
[TmSim]: Run in serial mode.
[SUCCESS][CORE_0][pid 91805] exit success!
[SUCCESS][CORE_1][pid 91806] exit success!
[SUCCESS][CORE_2][pid 91807] exit success!
[SUCCESS][CORE_3][pid 91808] exit success!
metadata padded request and changed-slot cases passed
[TmSim]: Run in serial mode.
[TmSim]: Run in serial mode.
[TmSim]: Run in serial mode.
[SUCCESS][CORE_0][pid 91809] exit success!
[TmSim]: Run in serial mode.
[SUCCESS][CORE_1][pid 91810] exit success!
[SUCCESS][CORE_2][pid 91811] exit success!
[SUCCESS][CORE_3][pid 91812] exit success!
[TmSim]: Run in serial mode.
[TmSim]: Run in serial mode.
[TmSim]: Run in serial mode.
[TmSim]: Run in serial mode.
[SUCCESS][CORE_0][pid 91813] exit success!
[SUCCESS][CORE_1][pid 91814] exit success!
[SUCCESS][CORE_2][pid 91815] exit success!
[SUCCESS][CORE_3][pid 91816] exit success!
[TmSim]: Run in serial mode.
[TmSim]: Run in serial mode.
[TmSim]: Run in serial mode.
[SUCCESS][CORE_0][pid 91817] exit success!
[TmSim]: Run in serial mode.
[SUCCESS][CORE_1][pid 91818] exit success!
[SUCCESS][CORE_2][pid 91819] exit success!
[SUCCESS][CORE_3][pid 91820] exit success!
MTP slot-derived context, duplicate and missing page cases passed
[TmSim]: Run in serial mode.
[TmSim]: Run in serial mode.
[TmSim]: Run in serial mode.
[TmSim]: Run in serial mode.
[SUCCESS][CORE_0][pid 91821] exit success!
[SUCCESS][CORE_1][pid 91822] exit success!
[SUCCESS][CORE_2][pid 91823] exit success!
[SUCCESS][CORE_3][pid 91824] exit success!
[TmSim]: Run in serial mode.
[TmSim]: Run in serial mode.
[TmSim]: Run in serial mode.
[TmSim]: Run in serial mode.
[SUCCESS][AIC_0][pid 91825] exit success!
[TmSim]: Run in serial mode.
[TmSim]: Run in serial mode.
[SUCCESS][AIV_0][pid 91826] exit success!
[SUCCESS][AIV_1][pid 91827] exit success!
[SUCCESS][AIC_1][pid 91828] exit success!
[SUCCESS][AIV_2][pid 91829] exit success!
[SUCCESS][AIV_3][pid 91830] exit success!
{"backend":"ascendc_cpu_debug","op":"nan_value","status":"passed"}
RESULT {"phase": "017-nan_value", "command": ["/home/sunao2000.linux/gpt_new_oscar/build/cpu/oscar_cv_cpu", "nan_value", "/home/sunao2000.linux/gpt_new_oscar/artifacts/cv_cpu_cases/d64_q4_c65"], "returncode": 0, "elapsed_seconds": 1.030443, "timed_out": false, "interrupted": false, "log": "/home/sunao2000.linux/gpt_new_oscar/logs/vm-cv/017-nan_value.log", "cleanup_complete": true}
