START phase=018-nan_value cwd=/home/sunao2000.linux/gpt_new_oscar command=["/home/sunao2000.linux/gpt_new_oscar/build/cpu/oscar_cv_cpu", "nan_value", "/home/sunao2000.linux/gpt_new_oscar/artifacts/cv_cpu_cases/d64_q4_c65"]
[TmSim]: Run in serial mode.
[TmSim]: Run in serial mode.
[TmSim]: Run in serial mode.
[TmSim]: Run in serial mode.
[SUCCESS][CORE_0][pid 110962] exit success!
[SUCCESS][CORE_1][pid 110963] exit success!
[SUCCESS][CORE_2][pid 110964] exit success!
[SUCCESS][CORE_3][pid 110965] exit success!
[TmSim]: Run in serial mode.
[TmSim]: Run in serial mode.
[TmSim]: Run in serial mode.
[TmSim]: Run in serial mode.
[SUCCESS][CORE_0][pid 110966] exit success!
[SUCCESS][CORE_1][pid 110967] exit success!
[SUCCESS][CORE_2][pid 110968] exit success!
[SUCCESS][CORE_3][pid 110969] exit success!
metadata padded request and changed-slot cases passed
[TmSim]: Run in serial mode.
[TmSim]: Run in serial mode.
[TmSim]: Run in serial mode.
[TmSim]: Run in serial mode.
[SUCCESS][CORE_0][pid 110970] exit success!
[SUCCESS][CORE_1][pid 110971] exit success!
[SUCCESS][CORE_2][pid 110972] exit success!
[SUCCESS][CORE_3][pid 110973] exit success!
[TmSim]: Run in serial mode.
[TmSim]: Run in serial mode.
[TmSim]: Run in serial mode.
[TmSim]: Run in serial mode.
[SUCCESS][CORE_0][pid 110974] exit success!
[SUCCESS][CORE_1][pid 110975] exit success!
[SUCCESS][CORE_2][pid 110976] exit success!
[SUCCESS][CORE_3][pid 110977] exit success!
[TmSim]: Run in serial mode.
[TmSim]: Run in serial mode.
[TmSim]: Run in serial mode.
[TmSim]: Run in serial mode.
[SUCCESS][CORE_0][pid 110978] exit success!
[SUCCESS][CORE_1][pid 110979] exit success!
[SUCCESS][CORE_2][pid 110980] exit success!
[SUCCESS][CORE_3][pid 110981] exit success!
MTP slot-derived context, duplicate and missing page cases passed
[TmSim]: Run in serial mode.
[TmSim]: Run in serial mode.
[TmSim]: Run in serial mode.
[TmSim]: Run in serial mode.
[SUCCESS][CORE_0][pid 110982] exit success!
[SUCCESS][CORE_1][pid 110983] exit success!
[SUCCESS][CORE_2][pid 110984] exit success!
[SUCCESS][CORE_3][pid 110985] exit success!
[TmSim]: Run in serial mode.
[TmSim]: Run in serial mode.
[TmSim]: Run in serial mode.
[TmSim]: Run in serial mode.
[SUCCESS][AIC_0][pid 110986] exit success!
[TmSim]: Run in serial mode.
[TmSim]: Run in serial mode.
[SUCCESS][AIV_0][pid 110987] exit success!
[SUCCESS][AIV_1][pid 110988] exit success!
[SUCCESS][AIC_1][pid 110989] exit success!
[SUCCESS][AIV_2][pid 110990] exit success!
[SUCCESS][AIV_3][pid 110991] exit success!
{"backend":"ascendc_cpu_debug","op":"nan_value","status":"passed"}
RESULT {"phase": "018-nan_value", "command": ["/home/sunao2000.linux/gpt_new_oscar/build/cpu/oscar_cv_cpu", "nan_value", "/home/sunao2000.linux/gpt_new_oscar/artifacts/cv_cpu_cases/d64_q4_c65"], "returncode": 0, "elapsed_seconds": 1.036564, "timed_out": false, "interrupted": false, "log": "/home/sunao2000.linux/gpt_new_oscar/logs/vm-cv/018-nan_value.log", "cleanup_complete": true}
