START phase=020-nan_query cwd=/home/sunao2000.linux/gpt_new_oscar command=["/home/sunao2000.linux/gpt_new_oscar/build/cpu/oscar_cv_cpu", "nan_query", "/home/sunao2000.linux/gpt_new_oscar/artifacts/cv_cpu_cases/d64_q4_c65"]
[TmSim]: Run in serial mode.
[TmSim]: Run in serial mode.
[TmSim]: Run in serial mode.
[TmSim]: Run in serial mode.
[SUCCESS][CORE_0][pid 114870] exit success!
[SUCCESS][CORE_1][pid 114871] exit success!
[SUCCESS][CORE_2][pid 114872] exit success!
[SUCCESS][CORE_3][pid 114873] exit success!
[TmSim]: Run in serial mode.
[TmSim]: Run in serial mode.
[TmSim]: Run in serial mode.
[TmSim]: Run in serial mode.
[SUCCESS][CORE_0][pid 114874] exit success!
[SUCCESS][CORE_1][pid 114875] exit success!
[SUCCESS][CORE_2][pid 114876] exit success!
[SUCCESS][CORE_3][pid 114877] exit success!
metadata padded request and changed-slot cases passed
[TmSim]: Run in serial mode.
[TmSim]: Run in serial mode.
[TmSim]: Run in serial mode.
[TmSim]: Run in serial mode.
[SUCCESS][CORE_0][pid 114878] exit success!
[SUCCESS][CORE_1][pid 114879] exit success!
[SUCCESS][CORE_2][pid 114880] exit success!
[SUCCESS][CORE_3][pid 114881] exit success!
[TmSim]: Run in serial mode.
[TmSim]: Run in serial mode.
[TmSim]: Run in serial mode.
[TmSim]: Run in serial mode.
[SUCCESS][CORE_0][pid 114882] exit success!
[SUCCESS][CORE_1][pid 114883] exit success!
[SUCCESS][CORE_2][pid 114884] exit success!
[SUCCESS][CORE_3][pid 114885] exit success!
[TmSim]: Run in serial mode.
[TmSim]: Run in serial mode.
[TmSim]: Run in serial mode.
[TmSim]: Run in serial mode.
[SUCCESS][CORE_0][pid 114886] exit success!
[SUCCESS][CORE_1][pid 114887] exit success!
[SUCCESS][CORE_2][pid 114888] exit success!
[SUCCESS][CORE_3][pid 114889] exit success!
MTP slot-derived context, duplicate and missing page cases passed
[TmSim]: Run in serial mode.
[TmSim]: Run in serial mode.
[TmSim]: Run in serial mode.
[TmSim]: Run in serial mode.
[SUCCESS][CORE_0][pid 114890] exit success!
[SUCCESS][CORE_1][pid 114891] exit success!
[SUCCESS][CORE_2][pid 114892] exit success!
[SUCCESS][CORE_3][pid 114893] exit success!
[TmSim]: Run in serial mode.
[TmSim]: Run in serial mode.
[TmSim]: Run in serial mode.
[TmSim]: Run in serial mode.
[SUCCESS][AIC_0][pid 114894] exit success!
[TmSim]: Run in serial mode.
[TmSim]: Run in serial mode.
[SUCCESS][AIV_0][pid 114895] exit success!
[SUCCESS][AIV_1][pid 114896] exit success!
[SUCCESS][AIC_1][pid 114897] exit success!
[SUCCESS][AIV_2][pid 114898] exit success!
[SUCCESS][AIV_3][pid 114899] exit success!
{"backend":"ascendc_cpu_debug","op":"nan_query","status":"passed"}
RESULT {"phase": "020-nan_query", "command": ["/home/sunao2000.linux/gpt_new_oscar/build/cpu/oscar_cv_cpu", "nan_query", "/home/sunao2000.linux/gpt_new_oscar/artifacts/cv_cpu_cases/d64_q4_c65"], "returncode": 0, "elapsed_seconds": 1.031363, "timed_out": false, "interrupted": false, "log": "/home/sunao2000.linux/gpt_new_oscar/logs/vm-cv/020-nan_query.log", "cleanup_complete": true}
