START phase=021-bad_meta cwd=/home/sunao2000.linux/gpt_new_oscar command=["/home/sunao2000.linux/gpt_new_oscar/build/cpu/oscar_cv_cpu", "bad_meta", "/home/sunao2000.linux/gpt_new_oscar/artifacts/cv_cpu_cases/d64_q4_c65"]
[TmSim]: Run in serial mode.
[TmSim]: Run in serial mode.
[TmSim]: Run in serial mode.
[TmSim]: Run in serial mode.
[SUCCESS][CORE_0][pid 114902] exit success!
[SUCCESS][CORE_1][pid 114903] exit success!
[SUCCESS][CORE_2][pid 114904] exit success!
[SUCCESS][CORE_3][pid 114905] exit success!
[TmSim]: Run in serial mode.
[TmSim]: Run in serial mode.
[TmSim]: Run in serial mode.
[TmSim]: Run in serial mode.
[SUCCESS][CORE_0][pid 114906] exit success!
[SUCCESS][CORE_1][pid 114907] exit success!
[SUCCESS][CORE_2][pid 114908] exit success!
[SUCCESS][CORE_3][pid 114909] exit success!
metadata padded request and changed-slot cases passed
[TmSim]: Run in serial mode.
[TmSim]: Run in serial mode.
[TmSim]: Run in serial mode.
[TmSim]: Run in serial mode.
[SUCCESS][CORE_0][pid 114910] exit success!
[SUCCESS][CORE_1][pid 114911] exit success!
[SUCCESS][CORE_2][pid 114912] exit success!
[SUCCESS][CORE_3][pid 114913] exit success!
[TmSim]: Run in serial mode.
[TmSim]: Run in serial mode.
[TmSim]: Run in serial mode.
[TmSim]: Run in serial mode.
[SUCCESS][CORE_0][pid 114914] exit success!
[SUCCESS][CORE_1][pid 114915] exit success!
[SUCCESS][CORE_2][pid 114916] exit success!
[SUCCESS][CORE_3][pid 114917] exit success!
[TmSim]: Run in serial mode.
[TmSim]: Run in serial mode.
[TmSim]: Run in serial mode.
[TmSim]: Run in serial mode.
[SUCCESS][CORE_0][pid 114918] exit success!
[SUCCESS][CORE_1][pid 114919] exit success!
[SUCCESS][CORE_2][pid 114920] exit success!
[SUCCESS][CORE_3][pid 114921] exit success!
MTP slot-derived context, duplicate and missing page cases passed
[TmSim]: Run in serial mode.
[TmSim]: Run in serial mode.
[TmSim]: Run in serial mode.
[TmSim]: Run in serial mode.
[SUCCESS][CORE_0][pid 114922] exit success!
[SUCCESS][CORE_1][pid 114923] exit success!
[SUCCESS][CORE_2][pid 114924] exit success!
[SUCCESS][CORE_3][pid 114925] exit success!
[TmSim]: Run in serial mode.
[TmSim]: Run in serial mode.
[TmSim]: Run in serial mode.
[TmSim]: Run in serial mode.
[SUCCESS][AIC_0][pid 114926] exit success!
[TmSim]: Run in serial mode.
[TmSim]: Run in serial mode.
[SUCCESS][AIV_0][pid 114927] exit success!
[SUCCESS][AIV_1][pid 114928] exit success!
[SUCCESS][AIC_1][pid 114929] exit success!
[SUCCESS][AIV_2][pid 114930] exit success!
[SUCCESS][AIV_3][pid 114931] exit success!
{"backend":"ascendc_cpu_debug","op":"bad_meta","status":"passed"}
RESULT {"phase": "021-bad_meta", "command": ["/home/sunao2000.linux/gpt_new_oscar/build/cpu/oscar_cv_cpu", "bad_meta", "/home/sunao2000.linux/gpt_new_oscar/artifacts/cv_cpu_cases/d64_q4_c65"], "returncode": 0, "elapsed_seconds": 1.042168, "timed_out": false, "interrupted": false, "log": "/home/sunao2000.linux/gpt_new_oscar/logs/vm-cv/021-bad_meta.log", "cleanup_complete": true}
