START phase=022-nan_value cwd=/home/sunao2000.linux/gpt_new_oscar command=["/home/sunao2000.linux/gpt_new_oscar/build/cpu/oscar_cv_cpu", "nan_value", "/home/sunao2000.linux/gpt_new_oscar/artifacts/cv_cpu_cases/d64_q4_c65"]
[TmSim]: Run in serial mode.
[SUCCESS][CORE_0][pid 114934] exit success!
[TmSim]: Run in serial mode.
[SUCCESS][CORE_1][pid 114935] exit success!
[TmSim]: Run in serial mode.
[TmSim]: Run in serial mode.
[SUCCESS][CORE_2][pid 114936] exit success!
[SUCCESS][CORE_3][pid 114937] exit success!
[TmSim]: Run in serial mode.
[SUCCESS][CORE_0][pid 114938] exit success!
[TmSim]: Run in serial mode.
[TmSim]: Run in serial mode.
[TmSim]: Run in serial mode.
[SUCCESS][CORE_1][pid 114939] exit success!
[SUCCESS][CORE_2][pid 114940] exit success!
[SUCCESS][CORE_3][pid 114941] exit success!
metadata padded request and changed-slot cases passed
[TmSim]: Run in serial mode.
[TmSim]: Run in serial mode.
[TmSim]: Run in serial mode.
[SUCCESS][CORE_0][pid 114942] exit success!
[TmSim]: Run in serial mode.
[SUCCESS][CORE_1][pid 114943] exit success!
[SUCCESS][CORE_2][pid 114944] exit success!
[SUCCESS][CORE_3][pid 114945] exit success!
[TmSim]: Run in serial mode.
[TmSim]: Run in serial mode.
[TmSim]: Run in serial mode.
[TmSim]: Run in serial mode.
[SUCCESS][CORE_0][pid 114946] exit success!
[SUCCESS][CORE_1][pid 114947] exit success!
[SUCCESS][CORE_2][pid 114948] exit success!
[SUCCESS][CORE_3][pid 114949] exit success!
[TmSim]: Run in serial mode.
[TmSim]: Run in serial mode.
[TmSim]: Run in serial mode.
[TmSim]: Run in serial mode.
[SUCCESS][CORE_0][pid 114950] exit success!
[SUCCESS][CORE_1][pid 114951] exit success!
[SUCCESS][CORE_2][pid 114952] exit success!
[SUCCESS][CORE_3][pid 114953] exit success!
MTP slot-derived context, duplicate and missing page cases passed
[TmSim]: Run in serial mode.
[TmSim]: Run in serial mode.
[TmSim]: Run in serial mode.
[TmSim]: Run in serial mode.
[SUCCESS][CORE_0][pid 114954] exit success!
[SUCCESS][CORE_1][pid 114955] exit success!
[SUCCESS][CORE_2][pid 114956] exit success!
[SUCCESS][CORE_3][pid 114957] exit success!
[TmSim]: Run in serial mode.
[TmSim]: Run in serial mode.
[TmSim]: Run in serial mode.
[TmSim]: Run in serial mode.
[SUCCESS][AIC_0][pid 114958] exit success!
[TmSim]: Run in serial mode.
[TmSim]: Run in serial mode.
[SUCCESS][AIV_0][pid 114959] exit success!
[SUCCESS][AIV_1][pid 114960] exit success!
[SUCCESS][AIC_1][pid 114961] exit success!
[SUCCESS][AIV_2][pid 114962] exit success!
[SUCCESS][AIV_3][pid 114963] exit success!
{"backend":"ascendc_cpu_debug","op":"nan_value","status":"passed"}
RESULT {"phase": "022-nan_value", "command": ["/home/sunao2000.linux/gpt_new_oscar/build/cpu/oscar_cv_cpu", "nan_value", "/home/sunao2000.linux/gpt_new_oscar/artifacts/cv_cpu_cases/d64_q4_c65"], "returncode": 0, "elapsed_seconds": 1.129681, "timed_out": false, "interrupted": false, "log": "/home/sunao2000.linux/gpt_new_oscar/logs/vm-cv/022-nan_value.log", "cleanup_complete": true}
